Component: Arm Compiler for Embedded 6.21 Tool: armlink [5ec1fa00]

==============================================================================

Section Cross References

    startup_stm32g431xx.o(RESET) refers to startup_stm32g431xx.o(STACK) for __initial_sp
    startup_stm32g431xx.o(RESET) refers to startup_stm32g431xx.o(.text) for Reset_Handler
    startup_stm32g431xx.o(RESET) refers to stm32g4xx_it.o(.text.NMI_Handler) for NMI_Handler
    startup_stm32g431xx.o(RESET) refers to stm32g4xx_it.o(.text.HardFault_Handler) for HardFault_Handler
    startup_stm32g431xx.o(RESET) refers to stm32g4xx_it.o(.text.MemManage_Handler) for MemManage_Handler
    startup_stm32g431xx.o(RESET) refers to stm32g4xx_it.o(.text.BusFault_Handler) for BusFault_Handler
    startup_stm32g431xx.o(RESET) refers to stm32g4xx_it.o(.text.UsageFault_Handler) for UsageFault_Handler
    startup_stm32g431xx.o(RESET) refers to stm32g4xx_it.o(.text.SVC_Handler) for SVC_Handler
    startup_stm32g431xx.o(RESET) refers to stm32g4xx_it.o(.text.DebugMon_Handler) for DebugMon_Handler
    startup_stm32g431xx.o(RESET) refers to stm32g4xx_it.o(.text.PendSV_Handler) for PendSV_Handler
    startup_stm32g431xx.o(RESET) refers to stm32g4xx_it.o(.text.SysTick_Handler) for SysTick_Handler
    startup_stm32g431xx.o(RESET) refers to stm32g4xx_it.o(.text.DMA1_Channel1_IRQHandler) for DMA1_Channel1_IRQHandler
    startup_stm32g431xx.o(RESET) refers to stm32g4xx_it.o(.text.DMA1_Channel2_IRQHandler) for DMA1_Channel2_IRQHandler
    startup_stm32g431xx.o(RESET) refers to stm32g4xx_it.o(.text.FDCAN1_IT0_IRQHandler) for FDCAN1_IT0_IRQHandler
    startup_stm32g431xx.o(RESET) refers to stm32g4xx_it.o(.text.EXTI9_5_IRQHandler) for EXTI9_5_IRQHandler
    startup_stm32g431xx.o(RESET) refers to stm32g4xx_it.o(.text.TIM2_IRQHandler) for TIM2_IRQHandler
    startup_stm32g431xx.o(RESET) refers to stm32g4xx_it.o(.text.TIM4_IRQHandler) for TIM4_IRQHandler
    startup_stm32g431xx.o(RESET) refers to stm32g4xx_it.o(.text.USART1_IRQHandler) for USART1_IRQHandler
    startup_stm32g431xx.o(RESET) refers to stm32g4xx_it.o(.text.USART2_IRQHandler) for USART2_IRQHandler
    startup_stm32g431xx.o(.text) refers to system_stm32g4xx.o(.text.SystemInit) for SystemInit
    startup_stm32g431xx.o(.text) refers to entry.o(.ARM.Collect$$$$00000000) for __main
    main.o(.text.main) refers to stm32g4xx_hal.o(.text.HAL_Init) for HAL_Init
    main.o(.text.main) refers to stm32g4xx_hal_pwr_ex.o(.text.HAL_PWREx_ControlVoltageScaling) for HAL_PWREx_ControlVoltageScaling
    main.o(.text.main) refers to stm32g4xx_hal_rcc.o(.text.HAL_RCC_OscConfig) for HAL_RCC_OscConfig
    main.o(.text.main) refers to stm32g4xx_hal_rcc.o(.text.HAL_RCC_ClockConfig) for HAL_RCC_ClockConfig
    main.o(.text.main) refers to gpio.o(.text.MX_GPIO_Init) for MX_GPIO_Init
    main.o(.text.main) refers to dma.o(.text.MX_DMA_Init) for MX_DMA_Init
    main.o(.text.main) refers to spi.o(.text.MX_SPI3_Init) for MX_SPI3_Init
    main.o(.text.main) refers to usart.o(.text.MX_USART2_UART_Init) for MX_USART2_UART_Init
    main.o(.text.main) refers to tim.o(.text.MX_TIM4_Init) for MX_TIM4_Init
    main.o(.text.main) refers to fdcan.o(.text.MX_FDCAN1_Init) for MX_FDCAN1_Init
    main.o(.text.main) refers to usart.o(.text.MX_USART1_UART_Init) for MX_USART1_UART_Init
    main.o(.text.main) refers to tim.o(.text.MX_TIM2_Init) for MX_TIM2_Init
    main.o(.text.main) refers to stm32g4xx_hal_gpio.o(.text.HAL_GPIO_WritePin) for HAL_GPIO_WritePin
    main.o(.text.main) refers to bmi270.o(.text.BMI270_Init) for BMI270_Init
    main.o(.text.main) refers to main.o(.bss.status) for status
    main.o(.text.main) refers to stm32g4xx_hal.o(.text.HAL_Delay) for HAL_Delay
    main.o(.text.main) refers to puts.o(i.puts) for puts
    main.o(.text.main) refers to usart.o(.text.UART1_Receive_Start) for UART1_Receive_Start
    main.o(.text.main) refers to tim.o(.bss.htim4) for htim4
    main.o(.text.main) refers to stm32g4xx_hal_tim.o(.text.HAL_TIM_Base_Start_IT) for HAL_TIM_Base_Start_IT
    main.o(.text.main) refers to tim.o(.bss.htim2) for htim2
    main.o(.text.main) refers to fdcan.o(.text.FDCAN_Init) for FDCAN_Init
    main.o(.text.main) refers to usart.o(.text.motor_control_buff_init) for motor_control_buff_init
    main.o(.text.main) refers to angle_calc.o(.text.Calibrate_Gyro) for Calibrate_Gyro
    main.o(.text.main) refers to idcu_api.o(.text.idcu_main) for idcu_main
    main.o(.ARM.exidx.text.main) refers to main.o(.text.main) for [Anonymous Symbol]
    main.o(.text.SystemClock_Config) refers to stm32g4xx_hal_pwr_ex.o(.text.HAL_PWREx_ControlVoltageScaling) for HAL_PWREx_ControlVoltageScaling
    main.o(.text.SystemClock_Config) refers to stm32g4xx_hal_rcc.o(.text.HAL_RCC_OscConfig) for HAL_RCC_OscConfig
    main.o(.text.SystemClock_Config) refers to stm32g4xx_hal_rcc.o(.text.HAL_RCC_ClockConfig) for HAL_RCC_ClockConfig
    main.o(.ARM.exidx.text.SystemClock_Config) refers to main.o(.text.SystemClock_Config) for [Anonymous Symbol]
[...]
    [Anonymous Symbol]                       0x08004bc8   Section        0  stm32g4xx_it.o(.text.SVC_Handler)
    [Anonymous Symbol]                       0x08004bcc   Section        0  stm32g4xx_it.o(.text.SysTick_Handler)
    [Anonymous Symbol]                       0x08004bd0   Section        0  system_stm32g4xx.o(.text.SystemInit)
    [Anonymous Symbol]                       0x08004be4   Section        0  stm32g4xx_it.o(.text.TIM2_IRQHandler)
    [Anonymous Symbol]                       0x08004bf0   Section        0  stm32g4xx_it.o(.text.TIM4_IRQHandler)
    [Anonymous Symbol]                       0x08004c28   Section        0  stm32g4xx_hal_tim.o(.text.TIM_Base_SetConfig)
    [Anonymous Symbol]                       0x08004d4c   Section        0  usart.o(.text.UART1_Receive_Start)
    [Anonymous Symbol]                       0x08004d7c   Section        0  stm32g4xx_hal_uart.o(.text.UART_AdvFeatureConfig)
    [Anonymous Symbol]                       0x08004e68   Section        0  stm32g4xx_hal_uart.o(.text.UART_CheckIdleState)
    UART_DMAAbortOnError                     0x08004fd9   Thumb Code    12  stm32g4xx_hal_uart.o(.text.UART_DMAAbortOnError)
    [Anonymous Symbol]                       0x08004fd8   Section        0  stm32g4xx_hal_uart.o(.text.UART_DMAAbortOnError)
    UART_DMAError                            0x08004fe5   Thumb Code   474  stm32g4xx_hal_uart.o(.text.UART_DMAError)
    [Anonymous Symbol]                       0x08004fe4   Section        0  stm32g4xx_hal_uart.o(.text.UART_DMAError)
    UART_DMAReceiveCplt                      0x080051c1   Thumb Code   356  stm32g4xx_hal_uart.o(.text.UART_DMAReceiveCplt)
    [Anonymous Symbol]                       0x080051c0   Section        0  stm32g4xx_hal_uart.o(.text.UART_DMAReceiveCplt)
    UART_DMARxHalfCplt                       0x08005325   Thumb Code    26  stm32g4xx_hal_uart.o(.text.UART_DMARxHalfCplt)
    [Anonymous Symbol]                       0x08005324   Section        0  stm32g4xx_hal_uart.o(.text.UART_DMARxHalfCplt)
    UART_DMATransmitCplt                     0x08005341   Thumb Code   176  stm32g4xx_hal_uart.o(.text.UART_DMATransmitCplt)
    [Anonymous Symbol]                       0x08005340   Section        0  stm32g4xx_hal_uart.o(.text.UART_DMATransmitCplt)
    UART_DMATxHalfCplt                       0x080053f1   Thumb Code     6  stm32g4xx_hal_uart.o(.text.UART_DMATxHalfCplt)
    [Anonymous Symbol]                       0x080053f0   Section        0  stm32g4xx_hal_uart.o(.text.UART_DMATxHalfCplt)
    [Anonymous Symbol]                       0x080053f8   Section        0  stm32g4xx_hal_uart.o(.text.UART_SetConfig)
    [Anonymous Symbol]                       0x08005690   Section        0  stm32g4xx_hal_uart.o(.text.UART_Start_Receive_DMA)
    [Anonymous Symbol]                       0x080057d8   Section        0  stm32g4xx_hal_uart.o(.text.UART_WaitOnFlagUntilTimeout)
    [Anonymous Symbol]                       0x08005b10   Section        0  stm32g4xx_it.o(.text.USART1_IRQHandler)
    [Anonymous Symbol]                       0x08005b1c   Section        0  stm32g4xx_it.o(.text.USART2_IRQHandler)
    [Anonymous Symbol]                       0x08005b28   Section        0  stm32g4xx_it.o(.text.UsageFault_Handler)
    [Anonymous Symbol]                       0x08005b2c   Section        0  usart_driver.o(.text.calc_xor_checksum)
    [Anonymous Symbol]                       0x08005ba4   Section        0  idcu_hill_start_assist.o(.text.check_HSA_status)
    [Anonymous Symbol]                       0x08005d08   Section        0  usart_driver.o(.text.controller_buff_init)
    [Anonymous Symbol]                       0x08005d3c   Section        0  usart.o(.text.fputc)
    [Anonymous Symbol]                       0x08005d40   Section        0  bmi270.o(.text.get_acc_gyr_data)
    [Anonymous Symbol]                       0x08005eb8   Section        0  can_api.o(.text.hmi_update_message_process)
    [Anonymous Symbol]                       0x08005f50   Section        0  idcu_falling_security_protection.o(.text.iDCU_FSP_Init)
    [Anonymous Symbol]                       0x08005f64   Section        0  idcu_falling_security_protection.o(.text.iDCU_FSP_MainFunction)
    [Anonymous Symbol]                       0x08006014   Section        0  idcu_hill_descent_assist.o(.text.iDCU_HDA_Init)
    [Anonymous Symbol]                       0x08006030   Section        0  idcu_hill_descent_assist.o(.text.iDCU_HDA_MainFunction)
    [Anonymous Symbol]                       0x0800616c   Section        0  idcu_hill_start_assist.o(.text.iDCU_HSA_GetOverrideThrottle_0_1000)
    [Anonymous Symbol]                       0x08006178   Section        0  idcu_hill_start_assist.o(.text.iDCU_HSA_Init)
    [Anonymous Symbol]                       0x0800618c   Section        0  idcu_hill_start_assist.o(.text.iDCU_HSA_IsActive)
    [Anonymous Symbol]                       0x080061a0   Section        0  idcu_vehicle_start_opt.o(.text.iDCU_VSO_GetOutputThrottle)
    [Anonymous Symbol]                       0x0800625c   Section        0  idcu_vehicle_start_opt.o(.text.iDCU_VSO_Init)
    [Anonymous Symbol]                       0x08006274   Section        0  idcu_api.o(.text.idcu_main)
    [Anonymous Symbol]                       0x080063a4   Section        0  main.o(.text.main)
    [Anonymous Symbol]                       0x080064c4   Section        0  usart.o(.text.motor_control_buff_init)
    [Anonymous Symbol]                       0x080064fc   Section        0  usart_driver.o(.text.preparer_data_uart_Tx)
    [Anonymous Symbol]                       0x0800651c   Section        0  can_api.o(.text.uart_rxdata_correction)
    i.__0printf                              0x0800688c   Section        0  printfa.o(i.__0printf)
    i.__ARM_fpclassifyf                      0x080068ac   Section        0  fpclassifyf.o(i.__ARM_fpclassifyf)
    i.__hardfp_atan2f                        0x080068d4   Section        0  atan2f.o(i.__hardfp_atan2f)
    i.__mathlib_flt_infnan2                  0x08006b80   Section        0  funder.o(i.__mathlib_flt_infnan2)
    i.__mathlib_flt_underflow                0x08006b88   Section        0  funder.o(i.__mathlib_flt_underflow)
    i.__scatterload_copy                     0x08006b98   Section       14  handlers.o(i.__scatterload_copy)
    i.__scatterload_null                     0x08006ba6   Section        2  handlers.o(i.__scatterload_null)
    i.__scatterload_zeroinit                 0x08006ba8   Section       14  handlers.o(i.__scatterload_zeroinit)
    i.__set_errno                            0x08006bb8   Section        0  errno.o(i.__set_errno)
    _fp_digits                               0x08006bc5   Thumb Code   366  printfa.o(i._fp_digits)
    i._fp_digits                             0x08006bc4   Section        0  printfa.o(i._fp_digits)
    _printf_core                             0x08006d49   Thumb Code  1744  printfa.o(i._printf_core)
    i._printf_core                           0x08006d48   Section        0  printfa.o(i._printf_core)
    _printf_post_padding                     0x08007425   Thumb Code    36  printfa.o(i._printf_post_padding)
    i._printf_post_padding                   0x08007424   Section        0  printfa.o(i._printf_post_padding)
    _printf_pre_padding                      0x08007449   Thumb Code    46  printfa.o(i._printf_pre_padding)
    i._printf_pre_padding                    0x08007448   Section        0  printfa.o(i._printf_pre_padding)
    i.puts                                   0x08007478   Section        0  puts.o(i.puts)
    DLCtoBytes                               0x080094cc   Data          16  stm32g4xx_hal_fdcan.o(.rodata.cst16)
    [Anonymous Symbol]                       0x080094cc   Section        0  stm32g4xx_hal_fdcan.o(.rodata.cst16)
    .Lswitch.table.UART_SetConfig.4          0x080094dc   Data          16  stm32g4xx_hal_uart.o(.rodata.cst16)
    UARTEx_SetNbDataToProcess.numerator      0x080094ec   Data           8  stm32g4xx_hal_uart_ex.o(.rodata.cst8)
    [Anonymous Symbol]                       0x080094ec   Section        0  stm32g4xx_hal_uart_ex.o(.rodata.cst8)
    UARTEx_SetNbDataToProcess.denominator    0x080094f4   Data           8  stm32g4xx_hal_uart_ex.o(.rodata.cst8)
    .data                                    0x20000000   Section        4  stdout.o(.data)
    _errno                                   0x20000004   Data           4  errno.o(.data)
    .data                                    0x20000004   Section        4  errno.o(.data)
    .L_MergedGlobals                         0x20000008   Data           8  stm32g4xx_hal.o(.data..L_MergedGlobals)
    [Anonymous Symbol]                       0x20000008   Section        0  stm32g4xx_hal.o(.data..L_MergedGlobals)
    check_HSA_status.last_brake_state        0x20000014   Data           1  idcu_hill_start_assist.o(.data.check_HSA_status.last_brake_state)
    [Anonymous Symbol]                       0x20000014   Section        0  idcu_hill_start_assist.o(.data.check_HSA_status.last_brake_state)
    .L_MergedGlobals                         0x20000020   Data         108  fdcan.o(.bss..L_MergedGlobals)
    [Anonymous Symbol]                       0x20000020   Section        0  fdcan.o(.bss..L_MergedGlobals)
    .L_MergedGlobals                         0x2000008c   Data         120  usart.o(.bss..L_MergedGlobals)
    [Anonymous Symbol]                       0x2000008c   Section        0  usart.o(.bss..L_MergedGlobals)
    .L_MergedGlobals                         0x20000104   Data          60  bmi270.o(.bss..L_MergedGlobals)
    mov_aver_count                           0x20000104   Data           1  bmi270.o(.bss..L_MergedGlobals)
    [Anonymous Symbol]                       0x20000104   Section        0  bmi270.o(.bss..L_MergedGlobals)
    buff_index                               0x20000108   Data           4  bmi270.o(.bss..L_MergedGlobals)
    lpf_acc_x                                0x2000010c   Data           4  bmi270.o(.bss..L_MergedGlobals)
    lpf_acc_y                                0x20000110   Data           4  bmi270.o(.bss..L_MergedGlobals)
    lpf_acc_z                                0x20000114   Data           4  bmi270.o(.bss..L_MergedGlobals)
    lpf_gyr_x                                0x20000118   Data           4  bmi270.o(.bss..L_MergedGlobals)
    lpf_gyr_y                                0x2000011c   Data           4  bmi270.o(.bss..L_MergedGlobals)
    lpf_gyr_z                                0x20000120   Data           4  bmi270.o(.bss..L_MergedGlobals)
    last_updata_time                         0x20000124   Data           4  bmi270.o(.bss..L_MergedGlobals)
    raw_sensor_data                          0x20000128   Data          12  bmi270.o(.bss..L_MergedGlobals)
    .L_MergedGlobals                         0x20000140   Data          18  can_api.o(.bss..L_MergedGlobals)
    [Anonymous Symbol]                       0x20000140   Section        0  can_api.o(.bss..L_MergedGlobals)
    .L_MergedGlobals                         0x20000154   Data          16  angle_calc.o(.bss..L_MergedGlobals)
    reset_counter                            0x20000154   Data           2  angle_calc.o(.bss..L_MergedGlobals)
    [Anonymous Symbol]                       0x20000154   Section        0  angle_calc.o(.bss..L_MergedGlobals)
    gyro_offset_x                            0x20000158   Data           4  angle_calc.o(.bss..L_MergedGlobals)
    gyro_offset_y                            0x2000015c   Data           4  angle_calc.o(.bss..L_MergedGlobals)
    gyro_offset_z                            0x20000160   Data           4  angle_calc.o(.bss..L_MergedGlobals)
    .L_MergedGlobals                         0x20000164   Data          32  idcu_hill_start_assist.o(.bss..L_MergedGlobals)
    [Anonymous Symbol]                       0x20000164   Section        0  idcu_hill_start_assist.o(.bss..L_MergedGlobals)
    HSA_override_throttle_0_1000             0x20000166   Data           2  idcu_hill_start_assist.o(.bss..L_MergedGlobals)
    HSA_start_time_ms                        0x20000168   Data           4  idcu_hill_start_assist.o(.bss..L_MergedGlobals)
    .L_MergedGlobals                         0x20000184   Data           4  idcu_vehicle_start_opt.o(.bss..L_MergedGlobals)
    Start_Prepare_flag                       0x20000184   Data           1  idcu_vehicle_start_opt.o(.bss..L_MergedGlobals)
    [Anonymous Symbol]                       0x20000184   Section        0  idcu_vehicle_start_opt.o(.bss..L_MergedGlobals)
    s_last_raw_throttle                      0x20000186   Data           2  idcu_vehicle_start_opt.o(.bss..L_MergedGlobals)
    .L_MergedGlobals                         0x20000188   Data           3  idcu_falling_security_protection.o(.bss..L_MergedGlobals)
    [Anonymous Symbol]                       0x20000188   Section        0  idcu_falling_security_protection.o(.bss..L_MergedGlobals)
    enFSP_State                              0x2000018a   Data           1  idcu_falling_security_protection.o(.bss..L_MergedGlobals)
    enHDA_State                              0x200001a9   Data           1  idcu_hill_descent_assist.o(.bss.enHDA_State)
    [Anonymous Symbol]                       0x200001a9   Section        0  idcu_hill_descent_assist.o(.bss.enHDA_State)
    STACK                                    0x200004e8   Section     2048  startup_stm32g431xx.o(STACK)

    Global Symbols

    Symbol Name                              Value     Ov Type        Size  Object(Section)

    BuildAttributes$$THM_ISAv4$E$P$D$K$B$S$7EM$VFPi3$EXTD16$VFPS$VFMA$PE$A:L22UL41UL21$X:L11$S22US41US21$IEEE1$IW$~IW$USESV6$~STKCKD$USESV7$~SHL$OTIME$ROPI$IEEEX$EBA8$MICROLIB$REQ8$PRES8$EABIv2 0x00000000   Number         0  anon$$obj.o ABSOLUTE
    _printf_a                                0x00000000   Number         0  printfstubs.o ABSOLUTE
    _printf_c                                0x00000000   Number         0  printfstubs.o ABSOLUTE
    _printf_charcount                        0x00000000   Number         0  printfstubs.o ABSOLUTE
    _printf_d                                0x00000000   Number         0  printfstubs.o ABSOLUTE
    _printf_e                                0x00000000   Number         0  printfstubs.o ABSOLUTE
    _printf_f                                0x00000000   Number         0  printfstubs.o ABSOLUTE
    _printf_flags                            0x00000000   Number         0  printfstubs.o ABSOLUTE
    _printf_fp_dec                           0x00000000   Number         0  printfstubs.o ABSOLUTE
    _printf_fp_hex                           0x00000000   Number         0  printfstubs.o ABSOLUTE
    _printf_g                                0x00000000   Number         0  printfstubs.o ABSOLUTE
    _printf_i                                0x00000000   Number         0  printfstubs.o ABSOLUTE
    _printf_int_dec                          0x00000000   Number         0  printfstubs.o ABSOLUTE
    _printf_l                                0x00000000   Number         0  printfstubs.o ABSOLUTE
    _printf_lc                               0x00000000   Number         0  printfstubs.o ABSOLUTE
    _printf_ll                               0x00000000   Number         0  printfstubs.o ABSOLUTE
    _printf_lld                              0x00000000   Number         0  printfstubs.o ABSOLUTE
    _printf_lli                              0x00000000   Number         0  printfstubs.o ABSOLUTE
    _printf_llo                              0x00000000   Number         0  printfstubs.o ABSOLUTE
    _printf_llu                              0x00000000   Number         0  printfstubs.o ABSOLUTE
    _printf_llx                              0x00000000   Number         0  printfstubs.o ABSOLUTE
    _printf_longlong_dec                     0x00000000   Number         0  printfstubs.o ABSOLUTE
    _printf_longlong_hex                     0x00000000   Number         0  printfstubs.o ABSOLUTE
    _printf_longlong_oct                     0x00000000   Number         0  printfstubs.o ABSOLUTE
    _printf_ls                               0x00000000   Number         0  printfstubs.o ABSOLUTE
    _printf_mbtowc                           0x00000000   Number         0  printfstubs.o ABSOLUTE
    _printf_n                                0x00000000   Number         0  printfstubs.o ABSOLUTE
    _printf_o                                0x00000000   Number         0  printfstubs.o ABSOLUTE
    _printf_p                                0x00000000   Number         0  printfstubs.o ABSOLUTE
    _printf_percent                          0x00000000   Number         0  printfstubs.o ABSOLUTE
    _printf_pre_padding                      0x00000000   Number         0  printfstubs.o ABSOLUTE
    _printf_return_value                     0x00000000   Number         0  printfstubs.o ABSOLUTE
    _printf_s                                0x00000000   Number         0  printfstubs.o ABSOLUTE
    _printf_sizespec                         0x00000000   Number         0  printfstubs.o ABSOLUTE
    _printf_str                              0x00000000   Number         0  printfstubs.o ABSOLUTE
    _printf_truncate_signed                  0x00000000   Number         0  printfstubs.o ABSOLUTE
    _printf_truncate_unsigned                0x00000000   Number         0  printfstubs.o ABSOLUTE
    _printf_u                                0x00000000   Number         0  printfstubs.o ABSOLUTE
    _printf_wc                               0x00000000   Number         0  printfstubs.o ABSOLUTE
    _printf_wctomb                           0x00000000   Number         0  printfstubs.o ABSOLUTE
    _printf_widthprec                        0x00000000   Number         0  printfstubs.o ABSOLUTE
    _printf_x                                0x00000000   Number         0  printfstubs.o ABSOLUTE
    __cpp_initialize__aeabi_                  - Undefined Weak Reference
    __cxa_finalize                            - Undefined Weak Reference
    __decompress                              - Undefined Weak Reference
    _clock_init                               - Undefined Weak Reference
    _microlib_exit                            - Undefined Weak Reference
    __Vectors_Size                           0x000001d8   Number         0  startup_stm32g431xx.o ABSOLUTE
    __Vectors                                0x08000000   Data           4  startup_stm32g431xx.o(RESET)
    __Vectors_End                            0x080001d8   Data           0  startup_stm32g431xx.o(RESET)
    __main                                   0x080001d9   Thumb Code     0  entry.o(.ARM.Collect$$$$00000000)
    _main_stk                                0x080001d9   Thumb Code     0  entry2.o(.ARM.Collect$$$$00000001)
    _main_scatterload                        0x080001dd   Thumb Code     0  entry5.o(.ARM.Collect$$$$00000004)
    __main_after_scatterload                 0x080001e1   Thumb Code     0  entry5.o(.ARM.Collect$$$$00000004)
    _main_clock                              0x080001e1   Thumb Code     0  entry7b.o(.ARM.Collect$$$$00000008)
    _main_cpp_init                           0x080001e1   Thumb Code     0  entry8b.o(.ARM.Collect$$$$0000000A)
    _main_init                               0x080001e1   Thumb Code     0  entry9a.o(.ARM.Collect$$$$0000000B)
    __rt_final_cpp                           0x080001e9   Thumb Code     0  entry10a.o(.ARM.Collect$$$$0000000D)
    __rt_final_exit                          0x080001e9   Thumb Code     0  entry11a.o(.ARM.Collect$$$$0000000F)
    Reset_Handler                            0x080001ed   Thumb Code     8  startup_stm32g431xx.o(.text)
    ADC1_2_IRQHandler                        0x08000207   Thumb Code     0  startup_stm32g431xx.o(.text)
    COMP1_2_3_IRQHandler                     0x08000207   Thumb Code     0  startup_stm32g431xx.o(.text)
    COMP4_IRQHandler                         0x08000207   Thumb Code     0  startup_stm32g431xx.o(.text)
    CORDIC_IRQHandler                        0x08000207   Thumb Code     0  startup_stm32g431xx.o(.text)
    CRS_IRQHandler                           0x08000207   Thumb Code     0  startup_stm32g431xx.o(.text)
    DMA1_Channel3_IRQHandler                 0x08000207   Thumb Code     0  startup_stm32g431xx.o(.text)
    DMA1_Channel4_IRQHandler                 0x08000207   Thumb Code     0  startup_stm32g431xx.o(.text)
    DMA1_Channel5_IRQHandler                 0x08000207   Thumb Code     0  startup_stm32g431xx.o(.text)
    DMA1_Channel6_IRQHandler                 0x08000207   Thumb Code     0  startup_stm32g431xx.o(.text)
    DMA2_Channel1_IRQHandler                 0x08000207   Thumb Code     0  startup_stm32g431xx.o(.text)
    DMA2_Channel2_IRQHandler                 0x08000207   Thumb Code     0  startup_stm32g431xx.o(.text)
    DMA2_Channel3_IRQHandler                 0x08000207   Thumb Code     0  startup_stm32g431xx.o(.text)
    DMA2_Channel4_IRQHandler                 0x08000207   Thumb Code     0  startup_stm32g431xx.o(.text)
    DMA2_Channel5_IRQHandler                 0x08000207   Thumb Code     0  startup_stm32g431xx.o(.text)
    DMA2_Channel6_IRQHandler                 0x08000207   Thumb Code     0  startup_stm32g431xx.o(.text)
    DMAMUX_OVR_IRQHandler                    0x08000207   Thumb Code     0  startup_stm32g431xx.o(.text)
    EXTI0_IRQHandler                         0x08000207   Thumb Code     0  startup_stm32g431xx.o(.text)
    EXTI15_10_IRQHandler                     0x08000207   Thumb Code     0  startup_stm32g431xx.o(.text)
    EXTI1_IRQHandler                         0x08000207   Thumb Code     0  startup_stm32g431xx.o(.text)
    EXTI2_IRQHandler                         0x08000207   Thumb Code     0  startup_stm32g431xx.o(.text)
    EXTI3_IRQHandler                         0x08000207   Thumb Code     0  startup_stm32g431xx.o(.text)
    EXTI4_IRQHandler                         0x08000207   Thumb Code     0  startup_stm32g431xx.o(.text)
    FDCAN1_IT1_IRQHandler                    0x08000207   Thumb Code     0  startup_stm32g431xx.o(.text)
    FLASH_IRQHandler                         0x08000207   Thumb Code     0  startup_stm32g431xx.o(.text)
    FMAC_IRQHandler                          0x08000207   Thumb Code     0  startup_stm32g431xx.o(.text)
    FPU_IRQHandler                           0x08000207   Thumb Code     0  startup_stm32g431xx.o(.text)
    I2C1_ER_IRQHandler                       0x08000207   Thumb Code     0  startup_stm32g431xx.o(.text)
    I2C1_EV_IRQHandler                       0x08000207   Thumb Code     0  startup_stm32g431xx.o(.text)
    I2C2_ER_IRQHandler                       0x08000207   Thumb Code     0  startup_stm32g431xx.o(.text)
    I2C2_EV_IRQHandler                       0x08000207   Thumb Code     0  startup_stm32g431xx.o(.text)
    I2C3_ER_IRQHandler                       0x08000207   Thumb Code     0  startup_stm32g431xx.o(.text)
    I2C3_EV_IRQHandler                       0x08000207   Thumb Code     0  startup_stm32g431xx.o(.text)
    LPTIM1_IRQHandler                        0x08000207   Thumb Code     0  startup_stm32g431xx.o(.text)
    LPUART1_IRQHandler                       0x08000207   Thumb Code     0  startup_stm32g431xx.o(.text)
    PVD_PVM_IRQHandler                       0x08000207   Thumb Code     0  startup_stm32g431xx.o(.text)
    RCC_IRQHandler                           0x08000207   Thumb Code     0  startup_stm32g431xx.o(.text)
    RNG_IRQHandler                           0x08000207   Thumb Code     0  startup_stm32g431xx.o(.text)
    RTC_Alarm_IRQHandler                     0x08000207   Thumb Code     0  startup_stm32g431xx.o(.text)
    RTC_TAMP_LSECSS_IRQHandler               0x08000207   Thumb Code     0  startup_stm32g431xx.o(.text)
    RTC_WKUP_IRQHandler                      0x08000207   Thumb Code     0  startup_stm32g431xx.o(.text)
    SAI1_IRQHandler                          0x08000207   Thumb Code     0  startup_stm32g431xx.o(.text)
    SPI1_IRQHandler                          0x08000207   Thumb Code     0  startup_stm32g431xx.o(.text)
    SPI2_IRQHandler                          0x08000207   Thumb Code     0  startup_stm32g431xx.o(.text)
    SPI3_IRQHandler                          0x08000207   Thumb Code     0  startup_stm32g431xx.o(.text)
    TIM1_BRK_TIM15_IRQHandler                0x08000207   Thumb Code     0  startup_stm32g431xx.o(.text)
    TIM1_CC_IRQHandler                       0x08000207   Thumb Code     0  startup_stm32g431xx.o(.text)
    TIM1_TRG_COM_TIM17_IRQHandler            0x08000207   Thumb Code     0  startup_stm32g431xx.o(.text)
    TIM1_UP_TIM16_IRQHandler                 0x08000207   Thumb Code     0  startup_stm32g431xx.o(.text)
    TIM3_IRQHandler                          0x08000207   Thumb Code     0  startup_stm32g431xx.o(.text)
    TIM6_DAC_IRQHandler                      0x08000207   Thumb Code     0  startup_stm32g431xx.o(.text)
    TIM7_IRQHandler                          0x08000207   Thumb Code     0  startup_stm32g431xx.o(.text)
    TIM8_BRK_IRQHandler                      0x08000207   Thumb Code     0  startup_stm32g431xx.o(.text)
    TIM8_CC_IRQHandler                       0x08000207   Thumb Code     0  startup_stm32g431xx.o(.text)
    TIM8_TRG_COM_IRQHandler                  0x08000207   Thumb Code     0  startup_stm32g431xx.o(.text)
    TIM8_UP_IRQHandler                       0x08000207   Thumb Code     0  startup_stm32g431xx.o(.text)
    UART4_IRQHandler                         0x08000207   Thumb Code     0  startup_stm32g431xx.o(.text)
    UCPD1_IRQHandler                         0x08000207   Thumb Code     0  startup_stm32g431xx.o(.text)
    USART3_IRQHandler                        0x08000207   Thumb Code     0  startup_stm32g431xx.o(.text)
    USBWakeUp_IRQHandler                     0x08000207   Thumb Code     0  startup_stm32g431xx.o(.text)
    USB_HP_IRQHandler                        0x08000207   Thumb Code     0  startup_stm32g431xx.o(.text)
    USB_LP_IRQHandler                        0x08000207   Thumb Code     0  startup_stm32g431xx.o(.text)
    WWDG_IRQHandler                          0x08000207   Thumb Code     0  startup_stm32g431xx.o(.text)
    __aeabi_uldivmod                         0x08000211   Thumb Code    98  uldiv.o(.text)
    __aeabi_memcpy                           0x08000273   Thumb Code    36  memcpya.o(.text)
    __aeabi_memcpy4                          0x08000273   Thumb Code     0  memcpya.o(.text)
    __aeabi_memcpy8                          0x08000273   Thumb Code     0  memcpya.o(.text)
    __aeabi_memset                           0x08000297   Thumb Code    14  memseta.o(.text)
    __aeabi_memset4                          0x08000297   Thumb Code     0  memseta.o(.text)
    __aeabi_memset8                          0x08000297   Thumb Code     0  memseta.o(.text)
    __aeabi_memclr                           0x080002a5   Thumb Code     4  memseta.o(.text)
    __aeabi_memclr4                          0x080002a5   Thumb Code     0  memseta.o(.text)
    __aeabi_memclr8                          0x080002a5   Thumb Code     0  memseta.o(.text)
    _memset$wrapper                          0x080002a9   Thumb Code    18  memseta.o(.text)
    __aeabi_uidiv                            0x080002bb   Thumb Code     0  uidiv.o(.text)
    __aeabi_uidivmod                         0x080002bb   Thumb Code    44  uidiv.o(.text)
    __aeabi_llsl                             0x080002e7   Thumb Code    30  llshl.o(.text)
    _ll_shift_l                              0x080002e7   Thumb Code     0  llshl.o(.text)
    __aeabi_llsr                             0x08000305   Thumb Code    32  llushr.o(.text)
    _ll_ushift_r                             0x08000305   Thumb Code     0  llushr.o(.text)
    __I$use$fp                               0x08000325   Thumb Code     0  iusefp.o(.text)
    __aeabi_dadd                             0x08000325   Thumb Code   322  dadd.o(.text)
    __aeabi_dsub                             0x08000467   Thumb Code     6  dadd.o(.text)
    __aeabi_drsub                            0x0800046d   Thumb Code     6  dadd.o(.text)
    __aeabi_dmul                             0x08000473   Thumb Code   228  dmul.o(.text)
    __aeabi_ddiv                             0x08000557   Thumb Code   222  ddiv.o(.text)
    __aeabi_d2ulz                            0x08000635   Thumb Code    48  dfixul.o(.text)
    __aeabi_cdrcmple                         0x08000665   Thumb Code    48  cdrcmple.o(.text)
    __scatterload                            0x08000695   Thumb Code    38  init.o(.text)
    __scatterload_rt2                        0x08000695   Thumb Code     0  init.o(.text)
    __aeabi_lasr                             0x080006c5   Thumb Code    36  llsshr.o(.text)
    _ll_sshift_r                             0x080006c5   Thumb Code     0  llsshr.o(.text)
    _double_round                            0x080006e9   Thumb Code    30  depilogue.o(.text)
    _double_epilogue                         0x08000707   Thumb Code   156  depilogue.o(.text)
    BMI270_Init                              0x080007a5   Thumb Code   176  bmi270.o(.text.BMI270_Init)
    BMI270_ReadGyroscope                     0x08000855   Thumb Code    50  bmi270.o(.text.BMI270_ReadGyroscope)
    BMI270_ReadSensorData                    0x08000889   Thumb Code    74  bmi270.o(.text.BMI270_ReadSensorData)
    BMI270_read_rawdata                      0x080008d5   Thumb Code   114  spi_driver.o(.text.BMI270_read_rawdata)
    BMI270_spi_read_register                 0x08000949   Thumb Code    92  spi_driver.o(.text.BMI270_spi_read_register)
    BMI270_spi_write_register                0x080009a5   Thumb Code    70  spi_driver.o(.text.BMI270_spi_write_register)
    BMI270_spi_write_registers               0x080009ed   Thumb Code    86  spi_driver.o(.text.BMI270_spi_write_registers)
    BusFault_Handler                         0x08000a45   Thumb Code     2  stm32g4xx_it.o(.text.BusFault_Handler)
    CAN_Receive_Callback                     0x08000a49   Thumb Code     2  can_api.o(.text.CAN_Receive_Callback)
    CAN_send_message                         0x08000a4d   Thumb Code    76  fdcan.o(.text.CAN_send_message)
    Calculate_Attitude                       0x08000a99   Thumb Code   404  angle_calc.o(.text.Calculate_Attitude)
    Calibrate_Gyro                           0x08000c4d   Thumb Code   192  angle_calc.o(.text.Calibrate_Gyro)
    DMA1_Channel1_IRQHandler                 0x08000d11   Thumb Code    12  stm32g4xx_it.o(.text.DMA1_Channel1_IRQHandler)
    DMA1_Channel2_IRQHandler                 0x08000d1d   Thumb Code    12  stm32g4xx_it.o(.text.DMA1_Channel2_IRQHandler)
    DebugMon_Handler                         0x08000d29   Thumb Code     2  stm32g4xx_it.o(.text.DebugMon_Handler)
    EXTI9_5_IRQHandler                       0x08000d2d   Thumb Code     6  stm32g4xx_it.o(.text.EXTI9_5_IRQHandler)
    Error_Handler                            0x08000d35   Thumb Code    10  main.o(.text.Error_Handler)
    FDCAN1_IT0_IRQHandler                    0x08000d41   Thumb Code    12  stm32g4xx_it.o(.text.FDCAN1_IT0_IRQHandler)
    FDCAN_Init                               0x08000d4d   Thumb Code    52  fdcan.o(.text.FDCAN_Init)
    HAL_DMA_Abort                            0x08000d81   Thumb Code   112  stm32g4xx_hal_dma.o(.text.HAL_DMA_Abort)
    HAL_DMA_Abort_IT                         0x08000df1   Thumb Code   128  stm32g4xx_hal_dma.o(.text.HAL_DMA_Abort_IT)
    HAL_DMA_DeInit                           0x08000e71   Thumb Code   240  stm32g4xx_hal_dma.o(.text.HAL_DMA_DeInit)
    HAL_DMA_IRQHandler                       0x08000f61   Thumb Code   170  stm32g4xx_hal_dma.o(.text.HAL_DMA_IRQHandler)
    HAL_DMA_Init                             0x0800100d   Thumb Code   298  stm32g4xx_hal_dma.o(.text.HAL_DMA_Init)
    HAL_DMA_Start_IT                         0x08001139   Thumb Code   232  stm32g4xx_hal_dma.o(.text.HAL_DMA_Start_IT)
    HAL_Delay                                0x08001221   Thumb Code    40  stm32g4xx_hal.o(.text.HAL_Delay)
    HAL_FDCAN_ActivateNotification           0x08001249   Thumb Code   268  stm32g4xx_hal_fdcan.o(.text.HAL_FDCAN_ActivateNotification)
    HAL_FDCAN_AddMessageToTxFifoQ            0x08001355   Thumb Code   188  stm32g4xx_hal_fdcan.o(.text.HAL_FDCAN_AddMessageToTxFifoQ)
    HAL_FDCAN_ErrorCallback                  0x08001411   Thumb Code     2  stm32g4xx_hal_fdcan.o(.text.HAL_FDCAN_ErrorCallback)
    HAL_FDCAN_ErrorStatusCallback            0x08001415   Thumb Code     2  stm32g4xx_hal_fdcan.o(.text.HAL_FDCAN_ErrorStatusCallback)
    HAL_FDCAN_GetRxMessage                   0x08001419   Thumb Code   358  stm32g4xx_hal_fdcan.o(.text.HAL_FDCAN_GetRxMessage)
    HAL_FDCAN_HighPriorityMessageCallback    0x08001581   Thumb Code     2  stm32g4xx_hal_fdcan.o(.text.HAL_FDCAN_HighPriorityMessageCallback)
    HAL_FDCAN_IRQHandler                     0x08001585   Thumb Code   378  stm32g4xx_hal_fdcan.o(.text.HAL_FDCAN_IRQHandler)
    HAL_FDCAN_Init                           0x08001701   Thumb Code   586  stm32g4xx_hal_fdcan.o(.text.HAL_FDCAN_Init)
    HAL_FDCAN_MspInit                        0x0800194d   Thumb Code   156  fdcan.o(.text.HAL_FDCAN_MspInit)
    HAL_FDCAN_RxFifo0Callback                0x080019e9   Thumb Code    54  fdcan.o(.text.HAL_FDCAN_RxFifo0Callback)
    HAL_FDCAN_RxFifo1Callback                0x08001a21   Thumb Code     2  stm32g4xx_hal_fdcan.o(.text.HAL_FDCAN_RxFifo1Callback)
    HAL_FDCAN_Start                          0x08001a25   Thumb Code    44  stm32g4xx_hal_fdcan.o(.text.HAL_FDCAN_Start)
    HAL_FDCAN_TimeoutOccurredCallback        0x08001a51   Thumb Code     2  stm32g4xx_hal_fdcan.o(.text.HAL_FDCAN_TimeoutOccurredCallback)
    HAL_FDCAN_TimestampWraparoundCallback    0x08001a55   Thumb Code     2  stm32g4xx_hal_fdcan.o(.text.HAL_FDCAN_TimestampWraparoundCallback)
    HAL_FDCAN_TxBufferAbortCallback          0x08001a59   Thumb Code     2  stm32g4xx_hal_fdcan.o(.text.HAL_FDCAN_TxBufferAbortCallback)
    HAL_FDCAN_TxBufferCompleteCallback       0x08001a5d   Thumb Code     2  stm32g4xx_hal_fdcan.o(.text.HAL_FDCAN_TxBufferCompleteCallback)
    HAL_FDCAN_TxEventFifoCallback            0x08001a61   Thumb Code     2  stm32g4xx_hal_fdcan.o(.text.HAL_FDCAN_TxEventFifoCallback)
    HAL_FDCAN_TxFifoEmptyCallback            0x08001a65   Thumb Code     2  stm32g4xx_hal_fdcan.o(.text.HAL_FDCAN_TxFifoEmptyCallback)
    HAL_GPIO_EXTI_Callback                   0x08001a69   Thumb Code     2  stm32g4xx_hal_gpio.o(.text.HAL_GPIO_EXTI_Callback)
    HAL_GPIO_EXTI_IRQHandler                 0x08001a6d   Thumb Code    22  stm32g4xx_hal_gpio.o(.text.HAL_GPIO_EXTI_IRQHandler)
    HAL_GPIO_Init                            0x08001a85   Thumb Code   414  stm32g4xx_hal_gpio.o(.text.HAL_GPIO_Init)
    HAL_GPIO_WritePin                        0x08001c25   Thumb Code    12  stm32g4xx_hal_gpio.o(.text.HAL_GPIO_WritePin)
    HAL_GetTick                              0x08001c31   Thumb Code    12  stm32g4xx_hal.o(.text.HAL_GetTick)
    HAL_IncTick                              0x08001c3d   Thumb Code    26  stm32g4xx_hal.o(.text.HAL_IncTick)
    HAL_Init                                 0x08001c59   Thumb Code    30  stm32g4xx_hal.o(.text.HAL_Init)
    HAL_InitTick                             0x08001c79   Thumb Code    76  stm32g4xx_hal.o(.text.HAL_InitTick)
    HAL_MspInit                              0x08001cc5   Thumb Code    64  stm32g4xx_hal_msp.o(.text.HAL_MspInit)
    HAL_NVIC_EnableIRQ                       0x08001d05   Thumb Code    34  stm32g4xx_hal_cortex.o(.text.HAL_NVIC_EnableIRQ)
    HAL_NVIC_SetPriority                     0x08001d29   Thumb Code    86  stm32g4xx_hal_cortex.o(.text.HAL_NVIC_SetPriority)
    HAL_NVIC_SetPriorityGrouping             0x08001d81   Thumb Code    32  stm32g4xx_hal_cortex.o(.text.HAL_NVIC_SetPriorityGrouping)
    HAL_PWREx_ControlVoltageScaling          0x08001da1   Thumb Code   294  stm32g4xx_hal_pwr_ex.o(.text.HAL_PWREx_ControlVoltageScaling)
    HAL_PWREx_DisableUCPDDeadBattery         0x08001ec9   Thumb Code    18  stm32g4xx_hal_pwr_ex.o(.text.HAL_PWREx_DisableUCPDDeadBattery)
    HAL_RCCEx_PeriphCLKConfig                0x08001edd   Thumb Code   618  stm32g4xx_hal_rcc_ex.o(.text.HAL_RCCEx_PeriphCLKConfig)
    HAL_RCC_ClockConfig                      0x08002149   Thumb Code   780  stm32g4xx_hal_rcc.o(.text.HAL_RCC_ClockConfig)
    HAL_RCC_GetPCLK1Freq                     0x08002455   Thumb Code    42  stm32g4xx_hal_rcc.o(.text.HAL_RCC_GetPCLK1Freq)
    HAL_RCC_GetPCLK2Freq                     0x08002481   Thumb Code    42  stm32g4xx_hal_rcc.o(.text.HAL_RCC_GetPCLK2Freq)
    HAL_RCC_GetSysClockFreq                  0x080024ad   Thumb Code   130  stm32g4xx_hal_rcc.o(.text.HAL_RCC_GetSysClockFreq)
    HAL_RCC_OscConfig                        0x08002531   Thumb Code  1234  stm32g4xx_hal_rcc.o(.text.HAL_RCC_OscConfig)
    HAL_RS485Ex_Init                         0x08002a05   Thumb Code   132  stm32g4xx_hal_uart_ex.o(.text.HAL_RS485Ex_Init)
    HAL_SPI_Init                             0x08002a89   Thumb Code   228  stm32g4xx_hal_spi.o(.text.HAL_SPI_Init)
    HAL_SPI_MspInit                          0x08002b6d   Thumb Code   104  spi.o(.text.HAL_SPI_MspInit)
    HAL_SPI_Receive                          0x08002bd5   Thumb Code   590  stm32g4xx_hal_spi.o(.text.HAL_SPI_Receive)
    HAL_SPI_Transmit                         0x08002e25   Thumb Code   594  stm32g4xx_hal_spi.o(.text.HAL_SPI_Transmit)
    HAL_SPI_TransmitReceive                  0x08003079   Thumb Code   762  stm32g4xx_hal_spi.o(.text.HAL_SPI_TransmitReceive)
    HAL_SYSTICK_Config                       0x08003375   Thumb Code    44  stm32g4xx_hal_cortex.o(.text.HAL_SYSTICK_Config)
    HAL_TIMEx_Break2Callback                 0x080033a1   Thumb Code     2  stm32g4xx_hal_tim_ex.o(.text.HAL_TIMEx_Break2Callback)
    HAL_TIMEx_BreakCallback                  0x080033a5   Thumb Code     2  stm32g4xx_hal_tim_ex.o(.text.HAL_TIMEx_BreakCallback)
    HAL_TIMEx_CommutCallback                 0x080033a9   Thumb Code     2  stm32g4xx_hal_tim_ex.o(.text.HAL_TIMEx_CommutCallback)
    HAL_TIMEx_DirectionChangeCallback        0x080033ad   Thumb Code     2  stm32g4xx_hal_tim_ex.o(.text.HAL_TIMEx_DirectionChangeCallback)
    HAL_TIMEx_EncoderIndexCallback           0x080033b1   Thumb Code     2  stm32g4xx_hal_tim_ex.o(.text.HAL_TIMEx_EncoderIndexCallback)
    HAL_TIMEx_IndexErrorCallback             0x080033b5   Thumb Code     2  stm32g4xx_hal_tim_ex.o(.text.HAL_TIMEx_IndexErrorCallback)
    HAL_TIMEx_MasterConfigSynchronization    0x080033b9   Thumb Code   166  stm32g4xx_hal_tim_ex.o(.text.HAL_TIMEx_MasterConfigSynchronization)
    HAL_TIMEx_TransitionErrorCallback        0x08003461   Thumb Code     2  stm32g4xx_hal_tim_ex.o(.text.HAL_TIMEx_TransitionErrorCallback)
    HAL_TIM_Base_Init                        0x08003465   Thumb Code    98  stm32g4xx_hal_tim.o(.text.HAL_TIM_Base_Init)
    HAL_TIM_Base_MspInit                     0x080034c9   Thumb Code   116  tim.o(.text.HAL_TIM_Base_MspInit)
    HAL_TIM_Base_Start_IT                    0x0800353d   Thumb Code   146  stm32g4xx_hal_tim.o(.text.HAL_TIM_Base_Start_IT)
    HAL_TIM_ConfigClockSource                0x080035d1   Thumb Code   516  stm32g4xx_hal_tim.o(.text.HAL_TIM_ConfigClockSource)
    HAL_TIM_IC_CaptureCallback               0x080037d5   Thumb Code     2  stm32g4xx_hal_tim.o(.text.HAL_TIM_IC_CaptureCallback)
    HAL_TIM_IRQHandler                       0x080037d9   Thumb Code   460  stm32g4xx_hal_tim.o(.text.HAL_TIM_IRQHandler)
    HAL_TIM_OC_DelayElapsedCallback          0x080039a5   Thumb Code     2  stm32g4xx_hal_tim.o(.text.HAL_TIM_OC_DelayElapsedCallback)
    HAL_TIM_PWM_PulseFinishedCallback        0x080039a9   Thumb Code     2  stm32g4xx_hal_tim.o(.text.HAL_TIM_PWM_PulseFinishedCallback)
    HAL_TIM_PeriodElapsedCallback            0x080039ad   Thumb Code    32  tim.o(.text.HAL_TIM_PeriodElapsedCallback)
    HAL_TIM_TriggerCallback                  0x080039cd   Thumb Code     2  stm32g4xx_hal_tim.o(.text.HAL_TIM_TriggerCallback)
    HAL_UARTEx_DisableFifoMode               0x080039d1   Thumb Code    54  stm32g4xx_hal_uart_ex.o(.text.HAL_UARTEx_DisableFifoMode)
    HAL_UARTEx_ReceiveToIdle_DMA             0x08003a09   Thumb Code   152  stm32g4xx_hal_uart_ex.o(.text.HAL_UARTEx_ReceiveToIdle_DMA)
    HAL_UARTEx_RxEventCallback               0x08003aa1   Thumb Code    96  usart.o(.text.HAL_UARTEx_RxEventCallback)
    HAL_UARTEx_RxFifoFullCallback            0x08003b01   Thumb Code     2  stm32g4xx_hal_uart_ex.o(.text.HAL_UARTEx_RxFifoFullCallback)
    HAL_UARTEx_SetRxFifoThreshold            0x08003b05   Thumb Code   144  stm32g4xx_hal_uart_ex.o(.text.HAL_UARTEx_SetRxFifoThreshold)
    HAL_UARTEx_SetTxFifoThreshold            0x08003b95   Thumb Code   144  stm32g4xx_hal_uart_ex.o(.text.HAL_UARTEx_SetTxFifoThreshold)
    HAL_UARTEx_TxFifoEmptyCallback           0x08003c25   Thumb Code     2  stm32g4xx_hal_uart_ex.o(.text.HAL_UARTEx_TxFifoEmptyCallback)
    HAL_UARTEx_WakeupCallback                0x08003c29   Thumb Code     2  stm32g4xx_hal_uart_ex.o(.text.HAL_UARTEx_WakeupCallback)
    HAL_UART_ErrorCallback                   0x08003c2d   Thumb Code    76  usart.o(.text.HAL_UART_ErrorCallback)
    HAL_UART_IRQHandler                      0x08003c95   Thumb Code  1624  stm32g4xx_hal_uart.o(.text.HAL_UART_IRQHandler)
    HAL_UART_Init                            0x080042ed   Thumb Code   100  stm32g4xx_hal_uart.o(.text.HAL_UART_Init)
    HAL_UART_MspInit                         0x08004351   Thumb Code   376  usart.o(.text.HAL_UART_MspInit)
    HAL_UART_RxCpltCallback                  0x080044c9   Thumb Code     2  stm32g4xx_hal_uart.o(.text.HAL_UART_RxCpltCallback)
    HAL_UART_RxHalfCpltCallback              0x080044cd   Thumb Code     2  stm32g4xx_hal_uart.o(.text.HAL_UART_RxHalfCpltCallback)
    HAL_UART_Transmit_DMA                    0x080044d1   Thumb Code   206  stm32g4xx_hal_uart.o(.text.HAL_UART_Transmit_DMA)
    HAL_UART_TxCpltCallback                  0x080045a1   Thumb Code    28  usart.o(.text.HAL_UART_TxCpltCallback)
    HAL_UART_TxHalfCpltCallback              0x080045bd   Thumb Code     2  stm32g4xx_hal_uart.o(.text.HAL_UART_TxHalfCpltCallback)
    HardFault_Handler                        0x080045c1   Thumb Code     2  stm32g4xx_it.o(.text.HardFault_Handler)
    MX_DMA_Init                              0x080045c5   Thumb Code    86  dma.o(.text.MX_DMA_Init)
    MX_FDCAN1_Init                           0x0800461d   Thumb Code    84  fdcan.o(.text.MX_FDCAN1_Init)
    MX_GPIO_Init                             0x08004671   Thumb Code   168  gpio.o(.text.MX_GPIO_Init)
    MX_SPI3_Init                             0x08004719   Thumb Code    78  spi.o(.text.MX_SPI3_Init)
    MX_TIM2_Init                             0x08004769   Thumb Code   120  tim.o(.text.MX_TIM2_Init)
    MX_TIM4_Init                             0x080047e1   Thumb Code   122  tim.o(.text.MX_TIM4_Init)
    MX_USART1_UART_Init                      0x0800485d   Thumb Code   130  usart.o(.text.MX_USART1_UART_Init)
    MX_USART2_UART_Init                      0x080048e1   Thumb Code   138  usart.o(.text.MX_USART2_UART_Init)
    MemManage_Handler                        0x0800496d   Thumb Code     2  stm32g4xx_it.o(.text.MemManage_Handler)
    NMI_Handler                              0x08004971   Thumb Code     2  stm32g4xx_it.o(.text.NMI_Handler)
    PendSV_Handler                           0x08004975   Thumb Code     2  stm32g4xx_it.o(.text.PendSV_Handler)
    SVC_Handler                              0x08004bc9   Thumb Code     2  stm32g4xx_it.o(.text.SVC_Handler)
    SysTick_Handler                          0x08004bcd   Thumb Code     4  stm32g4xx_it.o(.text.SysTick_Handler)
    SystemInit                               0x08004bd1   Thumb Code    18  system_stm32g4xx.o(.text.SystemInit)
    TIM2_IRQHandler                          0x08004be5   Thumb Code    12  stm32g4xx_it.o(.text.TIM2_IRQHandler)
    TIM4_IRQHandler                          0x08004bf1   Thumb Code    56  stm32g4xx_it.o(.text.TIM4_IRQHandler)
    TIM_Base_SetConfig                       0x08004c29   Thumb Code   290  stm32g4xx_hal_tim.o(.text.TIM_Base_SetConfig)
    UART1_Receive_Start                      0x08004d4d   Thumb Code    46  usart.o(.text.UART1_Receive_Start)
    UART_AdvFeatureConfig                    0x08004d7d   Thumb Code   234  stm32g4xx_hal_uart.o(.text.UART_AdvFeatureConfig)
    UART_CheckIdleState                      0x08004e69   Thumb Code   366  stm32g4xx_hal_uart.o(.text.UART_CheckIdleState)
    UART_SetConfig                           0x080053f9   Thumb Code   648  stm32g4xx_hal_uart.o(.text.UART_SetConfig)
    UART_Start_Receive_DMA                   0x08005691   Thumb Code   326  stm32g4xx_hal_uart.o(.text.UART_Start_Receive_DMA)
    UART_WaitOnFlagUntilTimeout              0x080057d9   Thumb Code   822  stm32g4xx_hal_uart.o(.text.UART_WaitOnFlagUntilTimeout)
    USART1_IRQHandler                        0x08005b11   Thumb Code    12  stm32g4xx_it.o(.text.USART1_IRQHandler)
    USART2_IRQHandler                        0x08005b1d   Thumb Code    12  stm32g4xx_it.o(.text.USART2_IRQHandler)
    UsageFault_Handler                       0x08005b29   Thumb Code     2  stm32g4xx_it.o(.text.UsageFault_Handler)
    calc_xor_checksum                        0x08005b2d   Thumb Code   120  usart_driver.o(.text.calc_xor_checksum)
    check_HSA_status                         0x08005ba5   Thumb Code   344  idcu_hill_start_assist.o(.text.check_HSA_status)
    controller_buff_init                     0x08005d09   Thumb Code    50  usart_driver.o(.text.controller_buff_init)
    fputc                                    0x08005d3d   Thumb Code     2  usart.o(.text.fputc)
    get_acc_gyr_data                         0x08005d41   Thumb Code   348  bmi270.o(.text.get_acc_gyr_data)
    hmi_update_message_process               0x08005eb9   Thumb Code   150  can_api.o(.text.hmi_update_message_process)
    iDCU_FSP_Init                            0x08005f51   Thumb Code    18  idcu_falling_security_protection.o(.text.iDCU_FSP_Init)
    iDCU_FSP_MainFunction                    0x08005f65   Thumb Code   168  idcu_falling_security_protection.o(.text.iDCU_FSP_MainFunction)
    iDCU_HDA_Init                            0x08006015   Thumb Code    26  idcu_hill_descent_assist.o(.text.iDCU_HDA_Init)
    iDCU_HDA_MainFunction                    0x08006031   Thumb Code   312  idcu_hill_descent_assist.o(.text.iDCU_HDA_MainFunction)
    iDCU_HSA_GetOverrideThrottle_0_1000      0x0800616d   Thumb Code    12  idcu_hill_start_assist.o(.text.iDCU_HSA_GetOverrideThrottle_0_1000)
    iDCU_HSA_Init                            0x08006179   Thumb Code    18  idcu_hill_start_assist.o(.text.iDCU_HSA_Init)
    iDCU_HSA_IsActive                        0x0800618d   Thumb Code    20  idcu_hill_start_assist.o(.text.iDCU_HSA_IsActive)
    iDCU_VSO_GetOutputThrottle               0x080061a1   Thumb Code   188  idcu_vehicle_start_opt.o(.text.iDCU_VSO_GetOutputThrottle)
    iDCU_VSO_Init                            0x0800625d   Thumb Code    24  idcu_vehicle_start_opt.o(.text.iDCU_VSO_Init)
    idcu_main                                0x08006275   Thumb Code   300  idcu_api.o(.text.idcu_main)
    main                                     0x080063a5   Thumb Code   268  main.o(.text.main)
    motor_control_buff_init                  0x080064c5   Thumb Code    56  usart.o(.text.motor_control_buff_init)
    preparer_data_uart_Tx                    0x080064fd   Thumb Code    30  usart_driver.o(.text.preparer_data_uart_Tx)
    uart_rxdata_correction                   0x0800651d   Thumb Code   878  can_api.o(.text.uart_rxdata_correction)
    __0printf                                0x0800688d   Thumb Code    22  printfa.o(i.__0printf)
    __1printf                                0x0800688d   Thumb Code     0  printfa.o(i.__0printf)
    __2printf                                0x0800688d   Thumb Code     0  printfa.o(i.__0printf)
    __c89printf                              0x0800688d   Thumb Code     0  printfa.o(i.__0printf)
    printf                                   0x0800688d   Thumb Code     0  printfa.o(i.__0printf)
    __ARM_fpclassifyf                        0x080068ad   Thumb Code    38  fpclassifyf.o(i.__ARM_fpclassifyf)
    __hardfp_atan2f                          0x080068d5   Thumb Code   594  atan2f.o(i.__hardfp_atan2f)
    __mathlib_flt_infnan2                    0x08006b81   Thumb Code     6  funder.o(i.__mathlib_flt_infnan2)
    __mathlib_flt_underflow                  0x08006b89   Thumb Code    10  funder.o(i.__mathlib_flt_underflow)
    __scatterload_copy                       0x08006b99   Thumb Code    14  handlers.o(i.__scatterload_copy)
    __scatterload_null                       0x08006ba7   Thumb Code     2  handlers.o(i.__scatterload_null)
    __scatterload_zeroinit                   0x08006ba9   Thumb Code    14  handlers.o(i.__scatterload_zeroinit)
    __set_errno                              0x08006bb9   Thumb Code     6  errno.o(i.__set_errno)
    puts                                     0x08007479   Thumb Code    30  puts.o(i.puts)
    AHBPrescTable                            0x0800749c   Data          16  system_stm32g4xx.o(.rodata.AHBPrescTable)
    APBPrescTable                            0x080074ac   Data           8  system_stm32g4xx.o(.rodata.APBPrescTable)
    UARTPrescTable                           0x080074b4   Data          24  stm32g4xx_hal_uart.o(.rodata.UARTPrescTable)
    bmi270_config_file                       0x080074cc   Data        8192  bmi270_config_file.o(.rodata.bmi270_config_file)
    Region$$Table$$Base                      0x080094fc   Number         0  anon$$obj.o(Region$$Table)
    Region$$Table$$Limit                     0x0800951c   Number         0  anon$$obj.o(Region$$Table)
    __stdout                                 0x20000000   Data           4  stdout.o(.data)
    uwTickPrio                               0x20000008   Data           4  stm32g4xx_hal.o(.data..L_MergedGlobals)
    uwTickFreq                               0x2000000c   Data           4  stm32g4xx_hal.o(.data..L_MergedGlobals)
    SystemCoreClock                          0x20000010   Data           4  system_stm32g4xx.o(.data.SystemCoreClock)
    enHDA_BrakeLevel                         0x20000015   Data           1  idcu_hill_descent_assist.o(.data.enHDA_BrakeLevel)
    iDCU_FSP_Enable                          0x20000016   Data           1  idcu_api.o(.data.iDCU_FSP_Enable)
    iDCU_HDA_Enable                          0x20000017   Data           1  idcu_api.o(.data.iDCU_HDA_Enable)
    iDCU_HSA_Enable                          0x20000018   Data           1  idcu_api.o(.data.iDCU_HSA_Enable)
    iDCU_VSO_Enable_Flag                     0x20000019   Data           1  idcu_vehicle_start_opt.o(.data.iDCU_VSO_Enable_Flag)
    fdcan_comm                               0x20000020   Data          32  fdcan.o(.bss..L_MergedGlobals)
    TxHeader                                 0x20000040   Data          36  fdcan.o(.bss..L_MergedGlobals)
    RxHeader                                 0x20000064   Data          40  fdcan.o(.bss..L_MergedGlobals)
    rx_data_size                             0x2000008c   Data           2  usart.o(.bss..L_MergedGlobals)
    uart_rx_count                            0x20000090   Data           4  usart.o(.bss..L_MergedGlobals)
    uart_rx_buffer                           0x20000094   Data          14  usart.o(.bss..L_MergedGlobals)
    hdma_usart1_rx                           0x200000a4   Data          96  usart.o(.bss..L_MergedGlobals)
    current_attitude                         0x20000134   Data          12  bmi270.o(.bss..L_MergedGlobals)
    CAN_send_count                           0x20000140   Data           4  can_api.o(.bss..L_MergedGlobals)
    uart_rx_data_mod                         0x20000144   Data          14  can_api.o(.bss..L_MergedGlobals)
    HSA_state                                0x20000164   Data           1  idcu_hill_start_assist.o(.bss..L_MergedGlobals)
    iDCU_SystemStatus                        0x2000016c   Data          24  idcu_hill_start_assist.o(.bss..L_MergedGlobals)
    g_FSP_Request_PowerCut                   0x20000188   Data           1  idcu_falling_security_protection.o(.bss..L_MergedGlobals)
    g_FSP_Alarm_Active                       0x20000189   Data           1  idcu_falling_security_protection.o(.bss..L_MergedGlobals)
    acc_gyro_buffer                          0x2000018c   Data          24  main.o(.bss.acc_gyro_buffer)
    current_time_test                        0x200001a4   Data           4  tim.o(.bss.current_time_test)
    dma_tx_flag                              0x200001a8   Data           1  usart.o(.bss.dma_tx_flag)
    hdma_usart1_tx                           0x200001ac   Data          96  usart.o(.bss.hdma_usart1_tx)
    hfdcan1                                  0x2000020c   Data         100  fdcan.o(.bss.hfdcan1)
    hspi3                                    0x20000270   Data         100  spi.o(.bss.hspi3)
    htim2                                    0x200002d4   Data          76  tim.o(.bss.htim2)
    htim4                                    0x20000320   Data          76  tim.o(.bss.htim4)
    huart1                                   0x2000036c   Data         148  usart.o(.bss.huart1)
    huart2                                   0x20000400   Data         148  usart.o(.bss.huart2)
    idcu_uart_comm                           0x20000494   Data          52  usart_driver.o(.bss.idcu_uart_comm)
    read_gsensor_flag                        0x200004c8   Data           1  main.o(.bss.read_gsensor_flag)
    status                                   0x200004c9   Data           1  main.o(.bss.status)
    uart1_send_buff                          0x200004ca   Data          20  fdcan.o(.bss.uart1_send_buff)
    uwTick                                   0x200004e0   Data           4  stm32g4xx_hal.o(.bss.uwTick)
    __initial_sp                             0x20000ce8   Data           0  startup_stm32g431xx.o(STACK)



==============================================================================

Memory Map of the image

  Image Entry point : 0x080001d9

  Load Region LR_IROM1 (Base: 0x08000000, Size: 0x00009540, Max: 0x00020000, ABSOLUTE)

    Execution Region ER_IROM1 (Exec base: 0x08000000, Load base: 0x08000000, Size: 0x0000951c, Max: 0x00020000, ABSOLUTE)

    Exec Addr    Load Addr    Size         Type   Attr      Idx    E Section Name        Object

    0x08000000   0x08000000   0x000001d8   Data   RO            3    RESET               startup_stm32g431xx.o
    0x080001d8   0x080001d8   0x00000000   Code   RO         1765  * .ARM.Collect$$$$00000000  mc_w.l(entry.o)
    0x080001d8   0x080001d8   0x00000004   Code   RO         2059    .ARM.Collect$$$$00000001  mc_w.l(entry2.o)
    0x080001dc   0x080001dc   0x00000004   Code   RO         2062    .ARM.Collect$$$$00000004  mc_w.l(entry5.o)
    0x080001e0   0x080001e0   0x00000000   Code   RO         2064    .ARM.Collect$$$$00000008  mc_w.l(entry7b.o)
    0x080001e0   0x080001e0   0x00000000   Code   RO         2066    .ARM.Collect$$$$0000000A  mc_w.l(entry8b.o)
    0x080001e0   0x080001e0   0x00000008   Code   RO         2067    .ARM.Collect$$$$0000000B  mc_w.l(entry9a.o)
    0x080001e8   0x080001e8   0x00000000   Code   RO         2069    .ARM.Collect$$$$0000000D  mc_w.l(entry10a.o)
    0x080001e8   0x080001e8   0x00000000   Code   RO         2071    .ARM.Collect$$$$0000000F  mc_w.l(entry11a.o)
    0x080001e8   0x080001e8   0x00000004   Code   RO         2060    .ARM.Collect$$$$00002712  mc_w.l(entry2.o)
    0x080001ec   0x080001ec   0x00000024   Code   RO            4    .text               startup_stm32g431xx.o
    0x08000210   0x08000210   0x00000062   Code   RO         1772    .text               mc_w.l(uldiv.o)
    0x08000272   0x08000272   0x00000024   Code   RO         1774    .text               mc_w.l(memcpya.o)
    0x08000296   0x08000296   0x00000024   Code   RO         1776    .text               mc_w.l(memseta.o)
    0x080002ba   0x080002ba   0x0000002c   Code   RO         2083    .text               mc_w.l(uidiv.o)
    0x080002e6   0x080002e6   0x0000001e   Code   RO         2085    .text               mc_w.l(llshl.o)
    0x08000304   0x08000304   0x00000020   Code   RO         2087    .text               mc_w.l(llushr.o)
    0x08000324   0x08000324   0x00000000   Code   RO         2096    .text               mc_w.l(iusefp.o)
    0x08000324   0x08000324   0x0000014e   Code   RO         2097    .text               mf_w.l(dadd.o)
    0x08000472   0x08000472   0x000000e4   Code   RO         2099    .text               mf_w.l(dmul.o)
    0x08000556   0x08000556   0x000000de   Code   RO         2101    .text               mf_w.l(ddiv.o)
    0x08000634   0x08000634   0x00000030   Code   RO         2103    .text               mf_w.l(dfixul.o)
    0x08000664   0x08000664   0x00000030   Code   RO         2105    .text               mf_w.l(cdrcmple.o)
    0x08000694   0x08000694   0x00000030   Code   RO         2107    .text               mc_w.l(init.o)
    0x080006c4   0x080006c4   0x00000024   Code   RO         2109    .text               mc_w.l(llsshr.o)
    0x080006e8   0x080006e8   0x000000ba   Code   RO         2111    .text               mf_w.l(depilogue.o)
    0x080007a2   0x080007a2   0x00000002   PAD
    0x080007a4   0x080007a4   0x000000b0   Code   RO         1543    .text.BMI270_Init   bmi270.o
    0x08000854   0x08000854   0x00000032   Code   RO         1547    .text.BMI270_ReadGyroscope  bmi270.o
    0x08000886   0x08000886   0x00000002   PAD
    0x08000888   0x08000888   0x0000004a   Code   RO         1549    .text.BMI270_ReadSensorData  bmi270.o
    0x080008d2   0x080008d2   0x00000002   PAD
    0x080008d4   0x080008d4   0x00000072   Code   RO         1655    .text.BMI270_read_rawdata  spi_driver.o
    0x08000946   0x08000946   0x00000002   PAD
    0x08000948   0x08000948   0x0000005c   Code   RO         1649    .text.BMI270_spi_read_register  spi_driver.o
    0x080009a4   0x080009a4   0x00000046   Code   RO         1653    .text.BMI270_spi_write_register  spi_driver.o
    0x080009ea   0x080009ea   0x00000002   PAD
    0x080009ec   0x080009ec   0x00000056   Code   RO         1659    .text.BMI270_spi_write_registers  spi_driver.o
    0x08000a42   0x08000a42   0x00000002   PAD
    0x08000a44   0x08000a44   0x00000002   Code   RO          160    .text.BusFault_Handler  stm32g4xx_it.o
    0x08000a46   0x08000a46   0x00000002   PAD
    0x08000a48   0x08000a48   0x00000002   Code   RO         1593    .text.CAN_Receive_Callback  can_api.o
    0x08000a4a   0x08000a4a   0x00000002   PAD
    0x08000a4c   0x08000a4c   0x0000004c   Code   RO           62    .text.CAN_send_message  fdcan.o
    0x08000a98   0x08000a98   0x000001b4   Code   RO         1636    .text.Calculate_Attitude  angle_calc.o
    0x08000c4c   0x08000c4c   0x000000c4   Code   RO         1638    .text.Calibrate_Gyro  angle_calc.o
    0x08000d10   0x08000d10   0x0000000c   Code   RO          172    .text.DMA1_Channel1_IRQHandler  stm32g4xx_it.o
    0x08000d1c   0x08000d1c   0x0000000c   Code   RO          174    .text.DMA1_Channel2_IRQHandler  stm32g4xx_it.o
    0x08000d28   0x08000d28   0x00000002   Code   RO          166    .text.DebugMon_Handler  stm32g4xx_it.o
    0x08000d2a   0x08000d2a   0x00000002   PAD
    0x08000d2c   0x08000d2c   0x00000006   Code   RO          178    .text.EXTI9_5_IRQHandler  stm32g4xx_it.o
    0x08000d32   0x08000d32   0x00000002   PAD
    0x08000d34   0x08000d34   0x0000000a   Code   RO           15    .text.Error_Handler  main.o
    0x08000d3e   0x08000d3e   0x00000002   PAD
    0x08000d40   0x08000d40   0x0000000c   Code   RO          176    .text.FDCAN1_IT0_IRQHandler  stm32g4xx_it.o
    0x08000d4c   0x08000d4c   0x00000034   Code   RO           60    .text.FDCAN_Init    fdcan.o
    0x08000d80   0x08000d80   0x00000070   Code   RO          630    .text.HAL_DMA_Abort  stm32g4xx_hal_dma.o
    0x08000df0   0x08000df0   0x00000080   Code   RO          632    .text.HAL_DMA_Abort_IT  stm32g4xx_hal_dma.o
    0x08000e70   0x08000e70   0x000000f0   Code   RO          624    .text.HAL_DMA_DeInit  stm32g4xx_hal_dma.o
    0x08000f60   0x08000f60   0x000000aa   Code   RO          636    .text.HAL_DMA_IRQHandler  stm32g4xx_hal_dma.o
    0x0800100a   0x0800100a   0x00000002   PAD
    0x0800100c   0x0800100c   0x0000012a   Code   RO          622    .text.HAL_DMA_Init  stm32g4xx_hal_dma.o
    0x08001136   0x08001136   0x00000002   PAD
    0x08001138   0x08001138   0x000000e8   Code   RO          628    .text.HAL_DMA_Start_IT  stm32g4xx_hal_dma.o
    0x08001220   0x08001220   0x00000028   Code   RO          352    .text.HAL_Delay     stm32g4xx_hal.o
    0x08001248   0x08001248   0x0000010c   Code   RO          291    .text.HAL_FDCAN_ActivateNotification  stm32g4xx_hal_fdcan.o
    0x08001354   0x08001354   0x000000bc   Code   RO          263    .text.HAL_FDCAN_AddMessageToTxFifoQ  stm32g4xx_hal_fdcan.o
    0x08001410   0x08001410   0x00000002   Code   RO          317    .text.HAL_FDCAN_ErrorCallback  stm32g4xx_hal_fdcan.o
    0x08001412   0x08001412   0x00000002   PAD
    0x08001414   0x08001414   0x00000002   Code   RO          315    .text.HAL_FDCAN_ErrorStatusCallback  stm32g4xx_hal_fdcan.o
    0x08001416   0x08001416   0x00000002   PAD
    0x08001418   0x08001418   0x00000166   Code   RO          269    .text.HAL_FDCAN_GetRxMessage  stm32g4xx_hal_fdcan.o
    0x0800157e   0x0800157e   0x00000002   PAD
    0x08001580   0x08001580   0x00000002   Code   RO          297    .text.HAL_FDCAN_HighPriorityMessageCallback  stm32g4xx_hal_fdcan.o
    0x08001582   0x08001582   0x00000002   PAD
    0x08001584   0x08001584   0x0000017a   Code   RO          295    .text.HAL_FDCAN_IRQHandler  stm32g4xx_hal_fdcan.o
    0x080016fe   0x080016fe   0x00000002   PAD
    0x08001700   0x08001700   0x0000024a   Code   RO          203    .text.HAL_FDCAN_Init  stm32g4xx_hal_fdcan.o
    0x0800194a   0x0800194a   0x00000002   PAD
    0x0800194c   0x0800194c   0x0000009c   Code   RO           56    .text.HAL_FDCAN_MspInit  fdcan.o
    0x080019e8   0x080019e8   0x00000036   Code   RO           64    .text.HAL_FDCAN_RxFifo0Callback  fdcan.o
    0x08001a1e   0x08001a1e   0x00000002   PAD
    0x08001a20   0x08001a20   0x00000002   Code   RO          305    .text.HAL_FDCAN_RxFifo1Callback  stm32g4xx_hal_fdcan.o
    0x08001a22   0x08001a22   0x00000002   PAD
    0x08001a24   0x08001a24   0x0000002c   Code   RO          261    .text.HAL_FDCAN_Start  stm32g4xx_hal_fdcan.o
    0x08001a50   0x08001a50   0x00000002   Code   RO          313    .text.HAL_FDCAN_TimeoutOccurredCallback  stm32g4xx_hal_fdcan.o
    0x08001a52   0x08001a52   0x00000002   PAD
    0x08001a54   0x08001a54   0x00000002   Code   RO          311    .text.HAL_FDCAN_TimestampWraparoundCallback  stm32g4xx_hal_fdcan.o
    0x08001a56   0x08001a56   0x00000002   PAD
    0x08001a58   0x08001a58   0x00000002   Code   RO          299    .text.HAL_FDCAN_TxBufferAbortCallback  stm32g4xx_hal_fdcan.o
    0x08001a5a   0x08001a5a   0x00000002   PAD
    0x08001a5c   0x08001a5c   0x00000002   Code   RO          309    .text.HAL_FDCAN_TxBufferCompleteCallback  stm32g4xx_hal_fdcan.o
    0x08001a5e   0x08001a5e   0x00000002   PAD
    0x08001a60   0x08001a60   0x00000002   Code   RO          301    .text.HAL_FDCAN_TxEventFifoCallback  stm32g4xx_hal_fdcan.o
    0x08001a62   0x08001a62   0x00000002   PAD
    0x08001a64   0x08001a64   0x00000002   Code   RO          307    .text.HAL_FDCAN_TxFifoEmptyCallback  stm32g4xx_hal_fdcan.o
    0x08001a66   0x08001a66   0x00000002   PAD
    0x08001a68   0x08001a68   0x00000002   Code   RO          586    .text.HAL_GPIO_EXTI_Callback  stm32g4xx_hal_gpio.o
    0x08001a6a   0x08001a6a   0x00000002   PAD
    0x08001a6c   0x08001a6c   0x00000016   Code   RO          584    .text.HAL_GPIO_EXTI_IRQHandler  stm32g4xx_hal_gpio.o
    0x08001a82   0x08001a82   0x00000002   PAD
    0x08001a84   0x08001a84   0x0000019e   Code   RO          572    .text.HAL_GPIO_Init  stm32g4xx_hal_gpio.o
    0x08001c22   0x08001c22   0x00000002   PAD
    0x08001c24   0x08001c24   0x0000000c   Code   RO          578    .text.HAL_GPIO_WritePin  stm32g4xx_hal_gpio.o
    0x08001c30   0x08001c30   0x0000000c   Code   RO          344    .text.HAL_GetTick   stm32g4xx_hal.o
    0x08001c3c   0x08001c3c   0x0000001a   Code   RO          342    .text.HAL_IncTick   stm32g4xx_hal.o
    0x08001c56   0x08001c56   0x00000002   PAD
    0x08001c58   0x08001c58   0x0000001e   Code   RO          332    .text.HAL_Init      stm32g4xx_hal.o
    0x08001c76   0x08001c76   0x00000002   PAD
    0x08001c78   0x08001c78   0x0000004c   Code   RO          334    .text.HAL_InitTick  stm32g4xx_hal.o
    0x08001cc4   0x08001cc4   0x00000040   Code   RO          195    .text.HAL_MspInit   stm32g4xx_hal_msp.o
    0x08001d04   0x08001d04   0x00000022   Code   RO          798    .text.HAL_NVIC_EnableIRQ  stm32g4xx_hal_cortex.o
    0x08001d26   0x08001d26   0x00000002   PAD
    0x08001d28   0x08001d28   0x00000056   Code   RO          796    .text.HAL_NVIC_SetPriority  stm32g4xx_hal_cortex.o
    0x08001d7e   0x08001d7e   0x00000002   PAD
    0x08001d80   0x08001d80   0x00000020   Code   RO          794    .text.HAL_NVIC_SetPriorityGrouping  stm32g4xx_hal_cortex.o
    0x08001da0   0x08001da0   0x00000126   Code   RO          714    .text.HAL_PWREx_ControlVoltageScaling  stm32g4xx_hal_pwr_ex.o
    0x08001ec6   0x08001ec6   0x00000002   PAD
    0x08001ec8   0x08001ec8   0x00000012   Code   RO          784    .text.HAL_PWREx_DisableUCPDDeadBattery  stm32g4xx_hal_pwr_ex.o
    0x08001eda   0x08001eda   0x00000002   PAD
    0x08001edc   0x08001edc   0x0000026a   Code   RO          456    .text.HAL_RCCEx_PeriphCLKConfig  stm32g4xx_hal_rcc_ex.o
    0x08002146   0x08002146   0x00000002   PAD
    0x08002148   0x08002148   0x0000030c   Code   RO          422    .text.HAL_RCC_ClockConfig  stm32g4xx_hal_rcc.o
    0x08002454   0x08002454   0x0000002a   Code   RO          430    .text.HAL_RCC_GetPCLK1Freq  stm32g4xx_hal_rcc.o
    0x0800247e   0x0800247e   0x00000002   PAD
    0x08002480   0x08002480   0x0000002a   Code   RO          432    .text.HAL_RCC_GetPCLK2Freq  stm32g4xx_hal_rcc.o
    0x080024aa   0x080024aa   0x00000002   PAD
    0x080024ac   0x080024ac   0x00000082   Code   RO          424    .text.HAL_RCC_GetSysClockFreq  stm32g4xx_hal_rcc.o
    0x0800252e   0x0800252e   0x00000002   PAD
    0x08002530   0x08002530   0x000004d2   Code   RO          420    .text.HAL_RCC_OscConfig  stm32g4xx_hal_rcc.o
    0x08002a02   0x08002a02   0x00000002   PAD
    0x08002a04   0x08002a04   0x00000084   Code   RO         1487    .text.HAL_RS485Ex_Init  stm32g4xx_hal_uart_ex.o
    0x08002a88   0x08002a88   0x000000e4   Code   RO          844    .text.HAL_SPI_Init  stm32g4xx_hal_spi.o
    0x08002b6c   0x08002b6c   0x00000068   Code   RO           80    .text.HAL_SPI_MspInit  spi.o
    0x08002bd4   0x08002bd4   0x0000024e   Code   RO          854    .text.HAL_SPI_Receive  stm32g4xx_hal_spi.o
    0x08002e22   0x08002e22   0x00000002   PAD
    0x08002e24   0x08002e24   0x00000252   Code   RO          852    .text.HAL_SPI_Transmit  stm32g4xx_hal_spi.o
    0x08003076   0x08003076   0x00000002   PAD
    0x08003078   0x08003078   0x000002fa   Code   RO          856    .text.HAL_SPI_TransmitReceive  stm32g4xx_hal_spi.o
    0x08003372   0x08003372   0x00000002   PAD
    0x08003374   0x08003374   0x0000002c   Code   RO          806    .text.HAL_SYSTICK_Config  stm32g4xx_hal_cortex.o
    0x080033a0   0x080033a0   0x00000002   Code   RO         1320    .text.HAL_TIMEx_Break2Callback  stm32g4xx_hal_tim_ex.o
    0x080033a2   0x080033a2   0x00000002   PAD
    0x080033a4   0x080033a4   0x00000002   Code   RO         1318    .text.HAL_TIMEx_BreakCallback  stm32g4xx_hal_tim_ex.o
    0x080033a6   0x080033a6   0x00000002   PAD
    0x080033a8   0x080033a8   0x00000002   Code   RO         1314    .text.HAL_TIMEx_CommutCallback  stm32g4xx_hal_tim_ex.o
    0x080033aa   0x080033aa   0x00000002   PAD
    0x080033ac   0x080033ac   0x00000002   Code   RO         1324    .text.HAL_TIMEx_DirectionChangeCallback  stm32g4xx_hal_tim_ex.o
    0x080033ae   0x080033ae   0x00000002   PAD
    0x080033b0   0x080033b0   0x00000002   Code   RO         1322    .text.HAL_TIMEx_EncoderIndexCallback  stm32g4xx_hal_tim_ex.o
    0x080033b2   0x080033b2   0x00000002   PAD
    0x080033b4   0x080033b4   0x00000002   Code   RO         1326    .text.HAL_TIMEx_IndexErrorCallback  stm32g4xx_hal_tim_ex.o
    0x080033b6   0x080033b6   0x00000002   PAD
    0x080033b8   0x080033b8   0x000000a6   Code   RO         1264    .text.HAL_TIMEx_MasterConfigSynchronization  stm32g4xx_hal_tim_ex.o
    0x0800345e   0x0800345e   0x00000002   PAD
    0x08003460   0x08003460   0x00000002   Code   RO         1328    .text.HAL_TIMEx_TransitionErrorCallback  stm32g4xx_hal_tim_ex.o
    0x08003462   0x08003462   0x00000002   PAD
    0x08003464   0x08003464   0x00000062   Code   RO          969    .text.HAL_TIM_Base_Init  stm32g4xx_hal_tim.o
    0x080034c6   0x080034c6   0x00000002   PAD
    0x080034c8   0x080034c8   0x00000074   Code   RO           97    .text.HAL_TIM_Base_MspInit  tim.o
    0x0800353c   0x0800353c   0x00000092   Code   RO          983    .text.HAL_TIM_Base_Start_IT  stm32g4xx_hal_tim.o
    0x080035ce   0x080035ce   0x00000002   PAD
    0x080035d0   0x080035d0   0x00000204   Code   RO         1149    .text.HAL_TIM_ConfigClockSource  stm32g4xx_hal_tim.o
    0x080037d4   0x080037d4   0x00000002   Code   RO         1105    .text.HAL_TIM_IC_CaptureCallback  stm32g4xx_hal_tim.o
    0x080037d6   0x080037d6   0x00000002   PAD
    0x080037d8   0x080037d8   0x000001cc   Code   RO         1103    .text.HAL_TIM_IRQHandler  stm32g4xx_hal_tim.o
    0x080039a4   0x080039a4   0x00000002   Code   RO         1107    .text.HAL_TIM_OC_DelayElapsedCallback  stm32g4xx_hal_tim.o
    0x080039a6   0x080039a6   0x00000002   PAD
    0x080039a8   0x080039a8   0x00000002   Code   RO         1109    .text.HAL_TIM_PWM_PulseFinishedCallback  stm32g4xx_hal_tim.o
    0x080039aa   0x080039aa   0x00000002   PAD
    0x080039ac   0x080039ac   0x00000020   Code   RO          101    .text.HAL_TIM_PeriodElapsedCallback  tim.o
    0x080039cc   0x080039cc   0x00000002   Code   RO         1113    .text.HAL_TIM_TriggerCallback  stm32g4xx_hal_tim.o
    0x080039ce   0x080039ce   0x00000002   PAD
    0x080039d0   0x080039d0   0x00000036   Code   RO         1505    .text.HAL_UARTEx_DisableFifoMode  stm32g4xx_hal_uart_ex.o
    0x08003a06   0x08003a06   0x00000002   PAD
    0x08003a08   0x08003a08   0x00000098   Code   RO         1515    .text.HAL_UARTEx_ReceiveToIdle_DMA  stm32g4xx_hal_uart_ex.o
    0x08003aa0   0x08003aa0   0x00000060   Code   RO          125    .text.HAL_UARTEx_RxEventCallback  usart.o
    0x08003b00   0x08003b00   0x00000002   Code   RO         1491    .text.HAL_UARTEx_RxFifoFullCallback  stm32g4xx_hal_uart_ex.o
    0x08003b02   0x08003b02   0x00000002   PAD
    0x08003b04   0x08003b04   0x00000090   Code   RO         1509    .text.HAL_UARTEx_SetRxFifoThreshold  stm32g4xx_hal_uart_ex.o
    0x08003b94   0x08003b94   0x00000090   Code   RO         1507    .text.HAL_UARTEx_SetTxFifoThreshold  stm32g4xx_hal_uart_ex.o
    0x08003c24   0x08003c24   0x00000002   Code   RO         1493    .text.HAL_UARTEx_TxFifoEmptyCallback  stm32g4xx_hal_uart_ex.o
    0x08003c26   0x08003c26   0x00000002   PAD
    0x08003c28   0x08003c28   0x00000002   Code   RO         1489    .text.HAL_UARTEx_WakeupCallback  stm32g4xx_hal_uart_ex.o
    0x08003c2a   0x08003c2a   0x00000002   PAD
    0x08003c2c   0x08003c2c   0x00000068   Code   RO          137    .text.HAL_UART_ErrorCallback  usart.o
    0x08003c94   0x08003c94   0x00000658   Code   RO         1427    .text.HAL_UART_IRQHandler  stm32g4xx_hal_uart.o
    0x080042ec   0x080042ec   0x00000064   Code   RO         1343    .text.HAL_UART_Init  stm32g4xx_hal_uart.o
    0x08004350   0x08004350   0x00000178   Code   RO          119    .text.HAL_UART_MspInit  usart.o
    0x080044c8   0x080044c8   0x00000002   Code   RO         1439    .text.HAL_UART_RxCpltCallback  stm32g4xx_hal_uart.o
    0x080044ca   0x080044ca   0x00000002   PAD
    0x080044cc   0x080044cc   0x00000002   Code   RO         1441    .text.HAL_UART_RxHalfCpltCallback  stm32g4xx_hal_uart.o
    0x080044ce   0x080044ce   0x00000002   PAD
    0x080044d0   0x080044d0   0x000000ce   Code   RO         1383    .text.HAL_UART_Transmit_DMA  stm32g4xx_hal_uart.o
    0x0800459e   0x0800459e   0x00000002   PAD
    0x080045a0   0x080045a0   0x0000001c   Code   RO          133    .text.HAL_UART_TxCpltCallback  usart.o
    0x080045bc   0x080045bc   0x00000002   Code   RO         1437    .text.HAL_UART_TxHalfCpltCallback  stm32g4xx_hal_uart.o
    0x080045be   0x080045be   0x00000002   PAD
    0x080045c0   0x080045c0   0x00000002   Code   RO          156    .text.HardFault_Handler  stm32g4xx_it.o
    0x080045c2   0x080045c2   0x00000002   PAD
    0x080045c4   0x080045c4   0x00000056   Code   RO           45    .text.MX_DMA_Init   dma.o
    0x0800461a   0x0800461a   0x00000002   PAD
    0x0800461c   0x0800461c   0x00000054   Code   RO           54    .text.MX_FDCAN1_Init  fdcan.o
    0x08004670   0x08004670   0x000000a8   Code   RO           35    .text.MX_GPIO_Init  gpio.o
    0x08004718   0x08004718   0x0000004e   Code   RO           78    .text.MX_SPI3_Init  spi.o
    0x08004766   0x08004766   0x00000002   PAD
    0x08004768   0x08004768   0x00000078   Code   RO           93    .text.MX_TIM2_Init  tim.o
    0x080047e0   0x080047e0   0x0000007a   Code   RO           95    .text.MX_TIM4_Init  tim.o
    0x0800485a   0x0800485a   0x00000002   PAD
    0x0800485c   0x0800485c   0x00000082   Code   RO          115    .text.MX_USART1_UART_Init  usart.o
    0x080048de   0x080048de   0x00000002   PAD
    0x080048e0   0x080048e0   0x0000008a   Code   RO          117    .text.MX_USART2_UART_Init  usart.o
    0x0800496a   0x0800496a   0x00000002   PAD
    0x0800496c   0x0800496c   0x00000002   Code   RO          158    .text.MemManage_Handler  stm32g4xx_it.o
    0x0800496e   0x0800496e   0x00000002   PAD
    0x08004970   0x08004970   0x00000002   Code   RO          154    .text.NMI_Handler   stm32g4xx_it.o
    0x08004972   0x08004972   0x00000002   PAD
    0x08004974   0x08004974   0x00000002   Code   RO          168    .text.PendSV_Handler  stm32g4xx_it.o
    0x08004976   0x08004976   0x00000002   PAD
    0x08004978   0x08004978   0x0000017e   Code   RO          906    .text.SPI_WaitFifoStateUntilTimeout  stm32g4xx_hal_spi.o
    0x08004af6   0x08004af6   0x00000002   PAD
    0x08004af8   0x08004af8   0x000000ce   Code   RO          908    .text.SPI_WaitFlagStateUntilTimeout  stm32g4xx_hal_spi.o
    0x08004bc6   0x08004bc6   0x00000002   PAD
    0x08004bc8   0x08004bc8   0x00000002   Code   RO          164    .text.SVC_Handler   stm32g4xx_it.o
    0x08004bca   0x08004bca   0x00000002   PAD
    0x08004bcc   0x08004bcc   0x00000004   Code   RO          170    .text.SysTick_Handler  stm32g4xx_it.o
    0x08004bd0   0x08004bd0   0x00000012   Code   RO         1528    .text.SystemInit    system_stm32g4xx.o
    0x08004be2   0x08004be2   0x00000002   PAD
    0x08004be4   0x08004be4   0x0000000c   Code   RO          180    .text.TIM2_IRQHandler  stm32g4xx_it.o
    0x08004bf0   0x08004bf0   0x00000038   Code   RO          182    .text.TIM4_IRQHandler  stm32g4xx_it.o
    0x08004c28   0x08004c28   0x00000122   Code   RO          973    .text.TIM_Base_SetConfig  stm32g4xx_hal_tim.o
    0x08004d4a   0x08004d4a   0x00000002   PAD
    0x08004d4c   0x08004d4c   0x0000002e   Code   RO          123    .text.UART1_Receive_Start  usart.o
    0x08004d7a   0x08004d7a   0x00000002   PAD
    0x08004d7c   0x08004d7c   0x000000ea   Code   RO         1347    .text.UART_AdvFeatureConfig  stm32g4xx_hal_uart.o
    0x08004e66   0x08004e66   0x00000002   PAD
    0x08004e68   0x08004e68   0x0000016e   Code   RO         1351    .text.UART_CheckIdleState  stm32g4xx_hal_uart.o
    0x08004fd6   0x08004fd6   0x00000002   PAD
    0x08004fd8   0x08004fd8   0x0000000c   Code   RO         1429    .text.UART_DMAAbortOnError  stm32g4xx_hal_uart.o
    0x08004fe4   0x08004fe4   0x000001da   Code   RO         1389    .text.UART_DMAError  stm32g4xx_hal_uart.o
    0x080051be   0x080051be   0x00000002   PAD
    0x080051c0   0x080051c0   0x00000164   Code   RO         1473    .text.UART_DMAReceiveCplt  stm32g4xx_hal_uart.o
    0x08005324   0x08005324   0x0000001a   Code   RO         1475    .text.UART_DMARxHalfCplt  stm32g4xx_hal_uart.o
    0x0800533e   0x0800533e   0x00000002   PAD
    0x08005340   0x08005340   0x000000b0   Code   RO         1385    .text.UART_DMATransmitCplt  stm32g4xx_hal_uart.o
    0x080053f0   0x080053f0   0x00000006   Code   RO         1387    .text.UART_DMATxHalfCplt  stm32g4xx_hal_uart.o
    0x080053f6   0x080053f6   0x00000002   PAD
    0x080053f8   0x080053f8   0x00000298   Code   RO         1349    .text.UART_SetConfig  stm32g4xx_hal_uart.o
    0x08005690   0x08005690   0x00000146   Code   RO         1393    .text.UART_Start_Receive_DMA  stm32g4xx_hal_uart.o
    0x080057d6   0x080057d6   0x00000002   PAD
    0x080057d8   0x080057d8   0x00000336   Code   RO         1365    .text.UART_WaitOnFlagUntilTimeout  stm32g4xx_hal_uart.o
    0x08005b0e   0x08005b0e   0x00000002   PAD
    0x08005b10   0x08005b10   0x0000000c   Code   RO          184    .text.USART1_IRQHandler  stm32g4xx_it.o
    0x08005b1c   0x08005b1c   0x0000000c   Code   RO          186    .text.USART2_IRQHandler  stm32g4xx_it.o
    0x08005b28   0x08005b28   0x00000002   Code   RO          162    .text.UsageFault_Handler  stm32g4xx_it.o
    0x08005b2a   0x08005b2a   0x00000002   PAD
    0x08005b2c   0x08005b2c   0x00000078   Code   RO         1670    .text.calc_xor_checksum  usart_driver.o
    0x08005ba4   0x08005ba4   0x00000164   Code   RO         1711    .text.check_HSA_status  idcu_hill_start_assist.o
    0x08005d08   0x08005d08   0x00000032   Code   RO         1674    .text.controller_buff_init  usart_driver.o
    0x08005d3a   0x08005d3a   0x00000002   PAD
    0x08005d3c   0x08005d3c   0x00000002   Code   RO          129    .text.fputc         usart.o
    0x08005d3e   0x08005d3e   0x00000002   PAD
    0x08005d40   0x08005d40   0x00000178   Code   RO         1567    .text.get_acc_gyr_data  bmi270.o
    0x08005eb8   0x08005eb8   0x00000096   Code   RO         1597    .text.hmi_update_message_process  can_api.o
    0x08005f4e   0x08005f4e   0x00000002   PAD
    0x08005f50   0x08005f50   0x00000012   Code   RO         1743    .text.iDCU_FSP_Init  idcu_falling_security_protection.o
    0x08005f62   0x08005f62   0x00000002   PAD
    0x08005f64   0x08005f64   0x000000b0   Code   RO         1745    .text.iDCU_FSP_MainFunction  idcu_falling_security_protection.o
    0x08006014   0x08006014   0x0000001a   Code   RO         1685    .text.iDCU_HDA_Init  idcu_hill_descent_assist.o
    0x0800602e   0x0800602e   0x00000002   PAD
    0x08006030   0x08006030   0x0000013c   Code   RO         1687    .text.iDCU_HDA_MainFunction  idcu_hill_descent_assist.o
    0x0800616c   0x0800616c   0x0000000c   Code   RO         1717    .text.iDCU_HSA_GetOverrideThrottle_0_1000  idcu_hill_start_assist.o
    0x08006178   0x08006178   0x00000012   Code   RO         1705    .text.iDCU_HSA_Init  idcu_hill_start_assist.o
    0x0800618a   0x0800618a   0x00000002   PAD
    0x0800618c   0x0800618c   0x00000014   Code   RO         1715    .text.iDCU_HSA_IsActive  idcu_hill_start_assist.o
    0x080061a0   0x080061a0   0x000000bc   Code   RO         1731    .text.iDCU_VSO_GetOutputThrottle  idcu_vehicle_start_opt.o
    0x0800625c   0x0800625c   0x00000018   Code   RO         1729    .text.iDCU_VSO_Init  idcu_vehicle_start_opt.o
    0x08006274   0x08006274   0x00000130   Code   RO         1610    .text.idcu_main     idcu_api.o
    0x080063a4   0x080063a4   0x00000120   Code   RO           11    .text.main          main.o
    0x080064c4   0x080064c4   0x00000038   Code   RO          135    .text.motor_control_buff_init  usart.o
    0x080064fc   0x080064fc   0x0000001e   Code   RO         1672    .text.preparer_data_uart_Tx  usart_driver.o
    0x0800651a   0x0800651a   0x00000002   PAD
    0x0800651c   0x0800651c   0x0000036e   Code   RO         1599    .text.uart_rxdata_correction  can_api.o
    0x0800688a   0x0800688a   0x00000002   PAD
    0x0800688c   0x0800688c   0x00000020   Code   RO         2013    i.__0printf         mc_w.l(printfa.o)
    0x080068ac   0x080068ac   0x00000026   Code   RO         2043    i.__ARM_fpclassifyf  m_wm.l(fpclassifyf.o)
    0x080068d2   0x080068d2   0x00000002   PAD
    0x080068d4   0x080068d4   0x000002ac   Code   RO         1759    i.__hardfp_atan2f   m_wm.l(atan2f.o)
    0x08006b80   0x08006b80   0x00000006   Code   RO         2047    i.__mathlib_flt_infnan2  m_wm.l(funder.o)
    0x08006b86   0x08006b86   0x00000002   PAD
    0x08006b88   0x08006b88   0x00000010   Code   RO         2051    i.__mathlib_flt_underflow  m_wm.l(funder.o)
    0x08006b98   0x08006b98   0x0000000e   Code   RO         2115    i.__scatterload_copy  mc_w.l(handlers.o)
    0x08006ba6   0x08006ba6   0x00000002   Code   RO         2116    i.__scatterload_null  mc_w.l(handlers.o)
    0x08006ba8   0x08006ba8   0x0000000e   Code   RO         2117    i.__scatterload_zeroinit  mc_w.l(handlers.o)
    0x08006bb6   0x08006bb6   0x00000002   PAD
    0x08006bb8   0x08006bb8   0x0000000c   Code   RO         2091    i.__set_errno       mc_w.l(errno.o)
    0x08006bc4   0x08006bc4   0x00000184   Code   RO         2020    i._fp_digits        mc_w.l(printfa.o)
    0x08006d48   0x08006d48   0x000006dc   Code   RO         2021    i._printf_core      mc_w.l(printfa.o)
    0x08007424   0x08007424   0x00000024   Code   RO         2022    i._printf_post_padding  mc_w.l(printfa.o)
    0x08007448   0x08007448   0x0000002e   Code   RO         2023    i._printf_pre_padding  mc_w.l(printfa.o)
    0x08007476   0x08007476   0x00000002   PAD
    0x08007478   0x08007478   0x00000024   Code   RO         1768    i.puts              mc_w.l(puts.o)
    0x0800749c   0x0800749c   0x00000010   Data   RO         1533    .rodata.AHBPrescTable  system_stm32g4xx.o
    0x080074ac   0x080074ac   0x00000008   Data   RO         1534    .rodata.APBPrescTable  system_stm32g4xx.o
    0x080074b4   0x080074b4   0x00000018   Data   RO         1477    .rodata.UARTPrescTable  stm32g4xx_hal_uart.o
    0x080074cc   0x080074cc   0x00002000   Data   RO         1587    .rodata.bmi270_config_file  bmi270_config_file.o
    0x080094cc   0x080094cc   0x00000010   Data   RO          323    .rodata.cst16       stm32g4xx_hal_fdcan.o
    0x080094dc   0x080094dc   0x00000010   Data   RO         1478    .rodata.cst16       stm32g4xx_hal_uart.o
    0x080094ec   0x080094ec   0x00000010   Data   RO         1519    .rodata.cst8        stm32g4xx_hal_uart_ex.o
    0x080094fc   0x080094fc   0x00000020   Data   RO         2114    Region$$Table       anon$$obj.o


    Execution Region RW_IRAM1 (Exec base: 0x20000000, Load base: 0x08009520, Size: 0x00000ce8, Max: 0x00008000, ABSOLUTE)

    Exec Addr    Load Addr    Size         Type   Attr      Idx    E Section Name        Object

    0x20000000   0x08009520   0x00000004   Data   RW         2073    .data               mc_w.l(stdout.o)
    0x20000004   0x08009524   0x00000004   Data   RW         2092    .data               mc_w.l(errno.o)
    0x20000008   0x08009528   0x00000008   Data   RW          409    .data..L_MergedGlobals  stm32g4xx_hal.o
    0x20000010   0x08009530   0x00000004   Data   RW         1532    .data.SystemCoreClock  system_stm32g4xx.o
    0x20000014   0x08009534   0x00000001   Data   RW         1719    .data.check_HSA_status.last_brake_state  idcu_hill_start_assist.o
    0x20000015   0x08009535   0x00000001   Data   RW         1695    .data.enHDA_BrakeLevel  idcu_hill_descent_assist.o
    0x20000016   0x08009536   0x00000001   Data   RW         1627    .data.iDCU_FSP_Enable  idcu_api.o
    0x20000017   0x08009537   0x00000001   Data   RW         1625    .data.iDCU_HDA_Enable  idcu_api.o
    0x20000018   0x08009538   0x00000001   Data   RW         1624    .data.iDCU_HSA_Enable  idcu_api.o
    0x20000019   0x08009539   0x00000001   Data   RW         1733    .data.iDCU_VSO_Enable_Flag  idcu_vehicle_start_opt.o
    0x2000001a   0x0800953a   0x00000006   PAD
    0x20000020        -       0x0000006c   Zero   RW           69    .bss..L_MergedGlobals  fdcan.o
    0x2000008c        -       0x00000078   Zero   RW          145    .bss..L_MergedGlobals  usart.o
    0x20000104        -       0x0000003c   Zero   RW         1578    .bss..L_MergedGlobals  bmi270.o
    0x20000140        -       0x00000012   Zero   RW         1601    .bss..L_MergedGlobals  can_api.o
    0x20000152   0x0800953a   0x00000002   PAD
    0x20000154        -       0x00000010   Zero   RW         1640    .bss..L_MergedGlobals  angle_calc.o
    0x20000164        -       0x00000020   Zero   RW         1720    .bss..L_MergedGlobals  idcu_hill_start_assist.o
    0x20000184        -       0x00000004   Zero   RW         1734    .bss..L_MergedGlobals  idcu_vehicle_start_opt.o
    0x20000188        -       0x00000003   Zero   RW         1751    .bss..L_MergedGlobals  idcu_falling_security_protection.o
    0x2000018b   0x0800953a   0x00000001   PAD
    0x2000018c        -       0x00000018   Zero   RW           18    .bss.acc_gyro_buffer  main.o
    0x200001a4        -       0x00000004   Zero   RW          105    .bss.current_time_test  tim.o
    0x200001a8        -       0x00000001   Zero   RW          139    .bss.dma_tx_flag    usart.o
    0x200001a9        -       0x00000001   Zero   RW         1696    .bss.enHDA_State    idcu_hill_descent_assist.o
    0x200001aa   0x0800953a   0x00000002   PAD
    0x200001ac        -       0x00000060   Zero   RW          143    .bss.hdma_usart1_tx  usart.o
    0x2000020c        -       0x00000064   Zero   RW           67    .bss.hfdcan1        fdcan.o
    0x20000270        -       0x00000064   Zero   RW           84    .bss.hspi3          spi.o
    0x200002d4        -       0x0000004c   Zero   RW          103    .bss.htim2          tim.o
    0x20000320        -       0x0000004c   Zero   RW          104    .bss.htim4          tim.o
    0x2000036c        -       0x00000094   Zero   RW          141    .bss.huart1         usart.o
    0x20000400        -       0x00000094   Zero   RW          142    .bss.huart2         usart.o
    0x20000494        -       0x00000034   Zero   RW         1676    .bss.idcu_uart_comm  usart_driver.o
    0x200004c8        -       0x00000001   Zero   RW           22    .bss.read_gsensor_flag  main.o
    0x200004c9        -       0x00000001   Zero   RW           17    .bss.status         main.o
    0x200004ca        -       0x00000014   Zero   RW           66    .bss.uart1_send_buff  fdcan.o
    0x200004de   0x0800953a   0x00000002   PAD
    0x200004e0        -       0x00000004   Zero   RW          408    .bss.uwTick         stm32g4xx_hal.o
    0x200004e4   0x0800953a   0x00000004   PAD
    0x200004e8        -       0x00000800   Zero   RW            1    STACK               startup_stm32g431xx.o


==============================================================================

Image component sizes


      Code (inc. data)   RO Data    RW Data    ZI Data      Debug   Object Name

       632         36          0          0         16       3060   angle_calc.o
       676         28          0          0         60      10436   bmi270.o
         0          0       8192          0          0        536   bmi270_config_file.o
      1030          0          0          0         18       3457   can_api.o
        86          0          0          0          0       3512   dma.o
       422          0          0          0        228       9810   fdcan.o
       168          0          0          0          0       4299   gpio.o
       304          4          0          3          0       4449   idcu_api.o
       194          8          0          0          3       2324   idcu_falling_security_protection.o
       342          4          0          1          1       2609   idcu_hill_descent_assist.o
       406         12          0          1         32       3917   idcu_hill_start_assist.o
       212          0          0          1          4       2160   idcu_vehicle_start_opt.o
       298         20          0          0         26       4868   main.o
       182          0          0          0        100       5896   spi.o
       362          0          0          0          0       4432   spi_driver.o
        36          8        472          0       2048        916   startup_stm32g431xx.o
       184          0          0          8          4       8942   stm32g4xx_hal.o
       196          0          0          0          0      10509   stm32g4xx_hal_cortex.o
      1180          0          0          0          0       9459   stm32g4xx_hal_dma.o
      1842          0         16          0          0      23258   stm32g4xx_hal_fdcan.o
       450          0          0          0          0       5314   stm32g4xx_hal_gpio.o
        64          0          0          0          0       1831   stm32g4xx_hal_msp.o
       312          0          0          0          0       9687   stm32g4xx_hal_pwr_ex.o
      2228          0          0          0          0      10024   stm32g4xx_hal_rcc.o
       618          0          0          0          0      10840   stm32g4xx_hal_rcc_ex.o
      2762          0          0          0          0      26147   stm32g4xx_hal_spi.o
      1518          0          0          0          0      61862   stm32g4xx_hal_tim.o
       180          0          0          0          0      29880   stm32g4xx_hal_tim_ex.o
      5398         48         40          0          0      42049   stm32g4xx_hal_uart.o
       632          0         16          0          0      11469   stm32g4xx_hal_uart_ex.o
       154          0          0          0          0       9532   stm32g4xx_it.o
        18          0         24          4          0       2826   system_stm32g4xx.o
       390          0          0          0        156       8833   tim.o
       976         28          0          0        513      11023   usart.o
       200          0          0          0         52       2067   usart_driver.o

    ----------------------------------------------------------------------
     24844        196       8792         20       3276     362233   Object Totals
         0          0         32          0          0          0   (incl. Generated)
       192          0          0          2         15          0   (incl. Padding)

    ----------------------------------------------------------------------

      Code (inc. data)   RO Data    RW Data    ZI Data      Debug   Library Member Name

       684         90          0          0          0        208   atan2f.o
        38          0          0          0          0        116   fpclassifyf.o
        22          6          0          0          0        232   funder.o
         0          0          0          0          0          0   entry.o
         0          0          0          0          0          0   entry10a.o
         0          0          0          0          0          0   entry11a.o
         8          4          0          0          0          0   entry2.o
         4          0          0          0          0          0   entry5.o
         0          0          0          0          0          0   entry7b.o
         0          0          0          0          0          0   entry8b.o
         8          4          0          0          0          0   entry9a.o
        12          6          0          4          0         68   errno.o
        30          0          0          0          0          0   handlers.o
        48         10          0          0          0         68   init.o
         0          0          0          0          0          0   iusefp.o
        30          0          0          0          0         68   llshl.o
        36          0          0          0          0         68   llsshr.o
        32          0          0          0          0         68   llushr.o
        36          0          0          0          0         68   memcpya.o
        36          0          0          0          0        108   memseta.o
      2258         90          0          0          0        452   printfa.o
        36          6          0          0          0         80   puts.o
         0          0          0          4          0          0   stdout.o
        44          0          0          0          0         80   uidiv.o
        98          0          0          0          0         92   uldiv.o
        48          0          0          0          0         68   cdrcmple.o
       334          0          0          0          0        148   dadd.o
       222          0          0          0          0        100   ddiv.o
       186          0          0          0          0        176   depilogue.o
        48          0          0          0          0         68   dfixul.o
       228          0          0          0          0         96   dmul.o

    ----------------------------------------------------------------------
      4536        216          0          8          0       2432   Library Totals
        10          0          0          0          0          0   (incl. Padding)

    ----------------------------------------------------------------------

      Code (inc. data)   RO Data    RW Data    ZI Data      Debug   Library Name

       744         96          0          0          0        556   m_wm.l
      2716        120          0          8          0       1220   mc_w.l
      1066          0          0          0          0        656   mf_w.l

    ----------------------------------------------------------------------
      4536        216          0          8          0       2432   Library Totals

    ----------------------------------------------------------------------

==============================================================================


      Code (inc. data)   RO Data    RW Data    ZI Data      Debug   

     29380        412       8792         28       3276     362993   Grand Totals
     29380        412       8792         28       3276     362993   ELF Image Totals
     29380        412       8792         28          0          0   ROM Totals

==============================================================================

    Total RO  Size (Code + RO Data)                38172 (  37.28kB)
    Total RW  Size (RW Data + ZI Data)              3304 (   3.23kB)
    Total ROM Size (Code + RO Data + RW Data)      38200 (  37.30kB)

==============================================================================

